Component: ARM Compiler 5.06 update 2 (build 183) Tool: armlink [4d35b7]

==============================================================================

Section Cross References

    startup_stm32f030.o(RESET) refers to startup_stm32f030.o(STACK) for __initial_sp
    startup_stm32f030.o(RESET) refers to startup_stm32f030.o(.text) for Reset_Handler
    startup_stm32f030.o(RESET) refers to stm32f0xx_it.o(i.NMI_Handler) for NMI_Handler
    startup_stm32f030.o(RESET) refers to stm32f0xx_it.o(i.HardFault_Handler) for HardFault_Handler
    startup_stm32f030.o(RESET) refers to stm32f0xx_it.o(i.SVC_Handler) for SVC_Handler
    startup_stm32f030.o(RESET) refers to stm32f0xx_it.o(i.PendSV_Handler) for PendSV_Handler
    startup_stm32f030.o(RESET) refers to stm32f0xx_it.o(i.SysTick_Handler) for SysTick_Handler
    startup_stm32f030.o(RESET) refers to stm32f0xx_it.o(i.EXTI0_1_IRQHandler) for EXTI0_1_IRQHandler
    startup_stm32f030.o(RESET) refers to stm32f0xx_it.o(i.EXTI4_15_IRQHandler) for EXTI4_15_IRQHandler
    startup_stm32f030.o(RESET) refers to stm32f0xx_it.o(i.TIM3_IRQHandler) for TIM3_IRQHandler
    startup_stm32f030.o(RESET) refers to stm32f0xx_it.o(i.SPI2_IRQHandler) for SPI2_IRQHandler
    startup_stm32f030.o(RESET) refers to stm32f0xx_it.o(i.USART1_IRQHandler) for USART1_IRQHandler
    startup_stm32f030.o(.text) refers to startup_stm32f030.o(STACK) for __initial_sp
    startup_stm32f030.o(.text) refers to system_stm32f0xx.o(i.SystemInit) for SystemInit
    startup_stm32f030.o(.text) refers to entry.o(.ARM.Collect$$$$00000000) for __main
    stm32f0xx_adc.o(i.ADC_DeInit) refers to stm32f0xx_rcc.o(i.RCC_APB2PeriphResetCmd) for RCC_APB2PeriphResetCmd
    stm32f0xx_can.o(i.CAN_DeInit) refers to stm32f0xx_rcc.o(i.RCC_APB1PeriphResetCmd) for RCC_APB1PeriphResetCmd
    stm32f0xx_can.o(i.CAN_GetITStatus) refers to stm32f0xx_can.o(i.CheckITStatus) for CheckITStatus
    stm32f0xx_cec.o(i.CEC_DeInit) refers to stm32f0xx_rcc.o(i.RCC_APB1PeriphResetCmd) for RCC_APB1PeriphResetCmd
    stm32f0xx_crs.o(i.CRS_DeInit) refers to stm32f0xx_rcc.o(i.RCC_APB1PeriphResetCmd) for RCC_APB1PeriphResetCmd
    stm32f0xx_dac.o(i.DAC_DeInit) refers to stm32f0xx_rcc.o(i.RCC_APB1PeriphResetCmd) for RCC_APB1PeriphResetCmd
    stm32f0xx_flash.o(i.FLASH_EraseAllPages) refers to stm32f0xx_flash.o(i.FLASH_WaitForLastOperation) for FLASH_WaitForLastOperation
    stm32f0xx_flash.o(i.FLASH_ErasePage) refers to stm32f0xx_flash.o(i.FLASH_WaitForLastOperation) for FLASH_WaitForLastOperation
    stm32f0xx_flash.o(i.FLASH_OB_BOOT0Config) refers to stm32f0xx_flash.o(i.FLASH_WaitForLastOperation) for FLASH_WaitForLastOperation
    stm32f0xx_flash.o(i.FLASH_OB_BOOT0SWConfig) refers to stm32f0xx_flash.o(i.FLASH_WaitForLastOperation) for FLASH_WaitForLastOperation
    stm32f0xx_flash.o(i.FLASH_OB_BOOTConfig) refers to stm32f0xx_flash.o(i.FLASH_WaitForLastOperation) for FLASH_WaitForLastOperation
    stm32f0xx_flash.o(i.FLASH_OB_EnableWRP) refers to stm32f0xx_flash.o(i.FLASH_WaitForLastOperation) for FLASH_WaitForLastOperation
    stm32f0xx_flash.o(i.FLASH_OB_Erase) refers to stm32f0xx_flash.o(i.FLASH_OB_GetRDP) for FLASH_OB_GetRDP
    stm32f0xx_flash.o(i.FLASH_OB_Erase) refers to stm32f0xx_flash.o(i.FLASH_WaitForLastOperation) for FLASH_WaitForLastOperation
    stm32f0xx_flash.o(i.FLASH_OB_ProgramData) refers to stm32f0xx_flash.o(i.FLASH_WaitForLastOperation) for FLASH_WaitForLastOperation
    stm32f0xx_flash.o(i.FLASH_OB_RDPConfig) refers to stm32f0xx_flash.o(i.FLASH_WaitForLastOperation) for FLASH_WaitForLastOperation
    stm32f0xx_flash.o(i.FLASH_OB_SRAMParityConfig) refers to stm32f0xx_flash.o(i.FLASH_WaitForLastOperation) for FLASH_WaitForLastOperation
    stm32f0xx_flash.o(i.FLASH_OB_UserConfig) refers to stm32f0xx_flash.o(i.FLASH_WaitForLastOperation) for FLASH_WaitForLastOperation
    stm32f0xx_flash.o(i.FLASH_OB_VDDAConfig) refers to stm32f0xx_flash.o(i.FLASH_WaitForLastOperation) for FLASH_WaitForLastOperation
    stm32f0xx_flash.o(i.FLASH_OB_WriteUser) refers to stm32f0xx_flash.o(i.FLASH_WaitForLastOperation) for FLASH_WaitForLastOperation
    stm32f0xx_flash.o(i.FLASH_ProgramHalfWord) refers to stm32f0xx_flash.o(i.FLASH_WaitForLastOperation) for FLASH_WaitForLastOperation
    stm32f0xx_flash.o(i.FLASH_ProgramWord) refers to stm32f0xx_flash.o(i.FLASH_WaitForLastOperation) for FLASH_WaitForLastOperation
    stm32f0xx_flash.o(i.FLASH_WaitForLastOperation) refers to stm32f0xx_flash.o(i.FLASH_GetStatus) for FLASH_GetStatus
    stm32f0xx_gpio.o(i.GPIO_DeInit) refers to stm32f0xx_rcc.o(i.RCC_AHBPeriphResetCmd) for RCC_AHBPeriphResetCmd
    stm32f0xx_i2c.o(i.I2C_DeInit) refers to stm32f0xx_rcc.o(i.RCC_APB1PeriphResetCmd) for RCC_APB1PeriphResetCmd
    stm32f0xx_pwr.o(i.PWR_DeInit) refers to stm32f0xx_rcc.o(i.RCC_APB1PeriphResetCmd) for RCC_APB1PeriphResetCmd
    stm32f0xx_rcc.o(i.RCC_GetClocksFreq) refers to uidiv.o(.text) for __aeabi_uidivmod
    stm32f0xx_rcc.o(i.RCC_GetClocksFreq) refers to stm32f0xx_rcc.o(.data) for APBAHBPrescTable
[...]
    ..\Libraries\CMSIS\system_stm32f0xx.c    0x00000000   Number         0  system_stm32f0xx.o ABSOLUTE
    ..\Libraries\FWlib\src\stm32f0xx_adc.c   0x00000000   Number         0  stm32f0xx_adc.o ABSOLUTE
    ..\Libraries\FWlib\src\stm32f0xx_can.c   0x00000000   Number         0  stm32f0xx_can.o ABSOLUTE
    ..\Libraries\FWlib\src\stm32f0xx_cec.c   0x00000000   Number         0  stm32f0xx_cec.o ABSOLUTE
    ..\Libraries\FWlib\src\stm32f0xx_comp.c  0x00000000   Number         0  stm32f0xx_comp.o ABSOLUTE
    ..\Libraries\FWlib\src\stm32f0xx_crc.c   0x00000000   Number         0  stm32f0xx_crc.o ABSOLUTE
    ..\Libraries\FWlib\src\stm32f0xx_crs.c   0x00000000   Number         0  stm32f0xx_crs.o ABSOLUTE
    ..\Libraries\FWlib\src\stm32f0xx_dac.c   0x00000000   Number         0  stm32f0xx_dac.o ABSOLUTE
    ..\Libraries\FWlib\src\stm32f0xx_dbgmcu.c 0x00000000   Number         0  stm32f0xx_dbgmcu.o ABSOLUTE
    ..\Libraries\FWlib\src\stm32f0xx_dma.c   0x00000000   Number         0  stm32f0xx_dma.o ABSOLUTE
    ..\Libraries\FWlib\src\stm32f0xx_exti.c  0x00000000   Number         0  stm32f0xx_exti.o ABSOLUTE
    ..\Libraries\FWlib\src\stm32f0xx_flash.c 0x00000000   Number         0  stm32f0xx_flash.o ABSOLUTE
    ..\Libraries\FWlib\src\stm32f0xx_gpio.c  0x00000000   Number         0  stm32f0xx_gpio.o ABSOLUTE
    ..\Libraries\FWlib\src\stm32f0xx_i2c.c   0x00000000   Number         0  stm32f0xx_i2c.o ABSOLUTE
    ..\Libraries\FWlib\src\stm32f0xx_iwdg.c  0x00000000   Number         0  stm32f0xx_iwdg.o ABSOLUTE
    ..\Libraries\FWlib\src\stm32f0xx_misc.c  0x00000000   Number         0  stm32f0xx_misc.o ABSOLUTE
    ..\Libraries\FWlib\src\stm32f0xx_pwr.c   0x00000000   Number         0  stm32f0xx_pwr.o ABSOLUTE
    ..\Libraries\FWlib\src\stm32f0xx_rcc.c   0x00000000   Number         0  stm32f0xx_rcc.o ABSOLUTE
    ..\Libraries\FWlib\src\stm32f0xx_rtc.c   0x00000000   Number         0  stm32f0xx_rtc.o ABSOLUTE
    ..\Libraries\FWlib\src\stm32f0xx_spi.c   0x00000000   Number         0  stm32f0xx_spi.o ABSOLUTE
    ..\Libraries\FWlib\src\stm32f0xx_syscfg.c 0x00000000   Number         0  stm32f0xx_syscfg.o ABSOLUTE
    ..\Libraries\FWlib\src\stm32f0xx_tim.c   0x00000000   Number         0  stm32f0xx_tim.o ABSOLUTE
    ..\Libraries\FWlib\src\stm32f0xx_usart.c 0x00000000   Number         0  stm32f0xx_usart.o ABSOLUTE
    ..\Libraries\FWlib\src\stm32f0xx_wwdg.c  0x00000000   Number         0  stm32f0xx_wwdg.o ABSOLUTE
    ..\\Libraries\\CMSIS\\system_stm32f0xx.c 0x00000000   Number         0  system_stm32f0xx.o ABSOLUTE
    ..\\Libraries\\FWlib\\src\\stm32f0xx_adc.c 0x00000000   Number         0  stm32f0xx_adc.o ABSOLUTE
    ..\\Libraries\\FWlib\\src\\stm32f0xx_can.c 0x00000000   Number         0  stm32f0xx_can.o ABSOLUTE
    ..\\Libraries\\FWlib\\src\\stm32f0xx_cec.c 0x00000000   Number         0  stm32f0xx_cec.o ABSOLUTE
    ..\\Libraries\\FWlib\\src\\stm32f0xx_comp.c 0x00000000   Number         0  stm32f0xx_comp.o ABSOLUTE
    ..\\Libraries\\FWlib\\src\\stm32f0xx_crc.c 0x00000000   Number         0  stm32f0xx_crc.o ABSOLUTE
    ..\\Libraries\\FWlib\\src\\stm32f0xx_crs.c 0x00000000   Number         0  stm32f0xx_crs.o ABSOLUTE
    ..\\Libraries\\FWlib\\src\\stm32f0xx_dac.c 0x00000000   Number         0  stm32f0xx_dac.o ABSOLUTE
    ..\\Libraries\\FWlib\\src\\stm32f0xx_dbgmcu.c 0x00000000   Number         0  stm32f0xx_dbgmcu.o ABSOLUTE
    ..\\Libraries\\FWlib\\src\\stm32f0xx_dma.c 0x00000000   Number         0  stm32f0xx_dma.o ABSOLUTE
    ..\\Libraries\\FWlib\\src\\stm32f0xx_exti.c 0x00000000   Number         0  stm32f0xx_exti.o ABSOLUTE
    ..\\Libraries\\FWlib\\src\\stm32f0xx_flash.c 0x00000000   Number         0  stm32f0xx_flash.o ABSOLUTE
    ..\\Libraries\\FWlib\\src\\stm32f0xx_gpio.c 0x00000000   Number         0  stm32f0xx_gpio.o ABSOLUTE
    ..\\Libraries\\FWlib\\src\\stm32f0xx_i2c.c 0x00000000   Number         0  stm32f0xx_i2c.o ABSOLUTE
    ..\\Libraries\\FWlib\\src\\stm32f0xx_iwdg.c 0x00000000   Number         0  stm32f0xx_iwdg.o ABSOLUTE
    ..\\Libraries\\FWlib\\src\\stm32f0xx_misc.c 0x00000000   Number         0  stm32f0xx_misc.o ABSOLUTE
    ..\\Libraries\\FWlib\\src\\stm32f0xx_pwr.c 0x00000000   Number         0  stm32f0xx_pwr.o ABSOLUTE
    ..\\Libraries\\FWlib\\src\\stm32f0xx_rcc.c 0x00000000   Number         0  stm32f0xx_rcc.o ABSOLUTE
    ..\\Libraries\\FWlib\\src\\stm32f0xx_rtc.c 0x00000000   Number         0  stm32f0xx_rtc.o ABSOLUTE
    ..\\Libraries\\FWlib\\src\\stm32f0xx_spi.c 0x00000000   Number         0  stm32f0xx_spi.o ABSOLUTE
    ..\\Libraries\\FWlib\\src\\stm32f0xx_syscfg.c 0x00000000   Number         0  stm32f0xx_syscfg.o ABSOLUTE
    ..\\Libraries\\FWlib\\src\\stm32f0xx_tim.c 0x00000000   Number         0  stm32f0xx_tim.o ABSOLUTE
    ..\\Libraries\\FWlib\\src\\stm32f0xx_usart.c 0x00000000   Number         0  stm32f0xx_usart.o ABSOLUTE
    ..\\Libraries\\FWlib\\src\\stm32f0xx_wwdg.c 0x00000000   Number         0  stm32f0xx_wwdg.o ABSOLUTE
    ..\\user\\Adc_Device\\Adc_Device.c       0x00000000   Number         0  adc_device.o ABSOLUTE
    ..\\user\\Bluetooth\\Bluetooth.c         0x00000000   Number         0  bluetooth.o ABSOLUTE
    ..\\user\\Data_Structure\\Data_Structure.c 0x00000000   Number         0  data_structure.o ABSOLUTE
    ..\\user\\Data_pack\\data_pack.c         0x00000000   Number         0  data_pack.o ABSOLUTE
    ..\\user\\I2C\\i2c_driver.c              0x00000000   Number         0  i2c_driver.o ABSOLUTE
    ..\\user\\Led_Device\\Led_Device.c       0x00000000   Number         0  led_device.o ABSOLUTE
    ..\\user\\LowPower\\LowPower.c           0x00000000   Number         0  lowpower.o ABSOLUTE
    ..\\user\\OLED_Device\\OLED_Device.c     0x00000000   Number         0  oled_device.o ABSOLUTE
    ..\\user\\Run_task\\Run_task.c           0x00000000   Number         0  run_task.o ABSOLUTE
    ..\\user\\SHT2X\\SHT2x.c                 0x00000000   Number         0  sht2x.o ABSOLUTE
    ..\\user\\SPI_Device\\SPI_Device.c       0x00000000   Number         0  spi_device.o ABSOLUTE
    ..\\user\\STM32_ChipID\\STM32_ChipID.c   0x00000000   Number         0  stm32_chipid.o ABSOLUTE
    ..\\user\\SysTick\\SysTick.c             0x00000000   Number         0  systick.o ABSOLUTE
    ..\\user\\TGS2600\\TGS2600_driver.c      0x00000000   Number         0  tgs2600_driver.o ABSOLUTE
    ..\\user\\TIM\\tim_driver.c              0x00000000   Number         0  tim_driver.o ABSOLUTE
    ..\\user\\USART\\usart_device.c          0x00000000   Number         0  usart_device.o ABSOLUTE
    ..\\user\\USB_DET\\usb_Det.C             0x00000000   Number         0  usb_det.o ABSOLUTE
    ..\\user\\key\\key_driver.c              0x00000000   Number         0  key_driver.o ABSOLUTE
    ..\\user\\main.c                         0x00000000   Number         0  main.o ABSOLUTE
    ..\\user\\power_ctl\\power_ctl.c         0x00000000   Number         0  power_ctl.o ABSOLUTE
    ..\\user\\stm32f0xx_it.c                 0x00000000   Number         0  stm32f0xx_it.o ABSOLUTE
    ..\user\Adc_Device\Adc_Device.c          0x00000000   Number         0  adc_device.o ABSOLUTE
    ..\user\Bluetooth\Bluetooth.c            0x00000000   Number         0  bluetooth.o ABSOLUTE
    ..\user\Data_Structure\Data_Structure.c  0x00000000   Number         0  data_structure.o ABSOLUTE
    ..\user\Data_Structure\SeqQueue\SeqList.c 0x00000000   Number         0  seqlist.o ABSOLUTE
    ..\user\Data_Structure\SeqQueue\SeqQueue.c 0x00000000   Number         0  seqqueue.o ABSOLUTE
    ..\user\Data_pack\data_pack.c            0x00000000   Number         0  data_pack.o ABSOLUTE
    ..\user\I2C\i2c_driver.c                 0x00000000   Number         0  i2c_driver.o ABSOLUTE
    ..\user\Led_Device\Led_Device.c          0x00000000   Number         0  led_device.o ABSOLUTE
    ..\user\LowPower\LowPower.c              0x00000000   Number         0  lowpower.o ABSOLUTE
    ..\user\OLED_Device\OLED_Device.c        0x00000000   Number         0  oled_device.o ABSOLUTE
    ..\user\Run_task\Run_task.c              0x00000000   Number         0  run_task.o ABSOLUTE
    ..\user\SHT2X\SHT2x.c                    0x00000000   Number         0  sht2x.o ABSOLUTE
    ..\user\SPI_Device\SPI_Device.c          0x00000000   Number         0  spi_device.o ABSOLUTE
    ..\user\STM32_ChipID\STM32_ChipID.c      0x00000000   Number         0  stm32_chipid.o ABSOLUTE
    ..\user\ST_string\ST_string.c            0x00000000   Number         0  st_string.o ABSOLUTE
    ..\user\SysTick\SysTick.c                0x00000000   Number         0  systick.o ABSOLUTE
    ..\user\TGS2600\TGS2600_driver.c         0x00000000   Number         0  tgs2600_driver.o ABSOLUTE
    ..\user\TIM\tim_driver.c                 0x00000000   Number         0  tim_driver.o ABSOLUTE
    ..\user\USART\usart_device.c             0x00000000   Number         0  usart_device.o ABSOLUTE
    ..\user\USB_DET\usb_Det.C                0x00000000   Number         0  usb_det.o ABSOLUTE
    ..\user\key\key_driver.c                 0x00000000   Number         0  key_driver.o ABSOLUTE
    ..\user\main.c                           0x00000000   Number         0  main.o ABSOLUTE
    ..\user\power_ctl\power_ctl.c            0x00000000   Number         0  power_ctl.o ABSOLUTE
    ..\user\stm32f0xx_it.c                   0x00000000   Number         0  stm32f0xx_it.o ABSOLUTE
    cdcmple.s                                0x00000000   Number         0  cdcmple.o ABSOLUTE
    cdrcmple.s                               0x00000000   Number         0  cdrcmple.o ABSOLUTE
    cfrcmple.s                               0x00000000   Number         0  cfrcmple.o ABSOLUTE
    dc.s                                     0x00000000   Number         0  dc.o ABSOLUTE
    handlers.s                               0x00000000   Number         0  handlers.o ABSOLUTE
    init.s                                   0x00000000   Number         0  init.o ABSOLUTE
    RESET                                    0x08000000   Section      180  startup_stm32f030.o(RESET)
    .ARM.Collect$$$$00000000                 0x080000b4   Section        0  entry.o(.ARM.Collect$$$$00000000)
    .ARM.Collect$$$$00000001                 0x080000b4   Section        4  entry2.o(.ARM.Collect$$$$00000001)
    .ARM.Collect$$$$00000004                 0x080000b8   Section        4  entry5.o(.ARM.Collect$$$$00000004)
    .ARM.Collect$$$$00000008                 0x080000bc   Section        0  entry7b.o(.ARM.Collect$$$$00000008)
    .ARM.Collect$$$$0000000A                 0x080000bc   Section        0  entry8b.o(.ARM.Collect$$$$0000000A)
    .ARM.Collect$$$$0000000B                 0x080000bc   Section        8  entry9a.o(.ARM.Collect$$$$0000000B)
    .ARM.Collect$$$$0000000D                 0x080000c4   Section        0  entry10a.o(.ARM.Collect$$$$0000000D)
    .ARM.Collect$$$$0000000F                 0x080000c4   Section        0  entry11a.o(.ARM.Collect$$$$0000000F)
    .ARM.Collect$$$$00002712                 0x080000c4   Section        4  entry2.o(.ARM.Collect$$$$00002712)
    __lit__00000000                          0x080000c4   Data           4  entry2.o(.ARM.Collect$$$$00002712)
    .text                                    0x080000c8   Section       88  startup_stm32f030.o(.text)
    .text                                    0x08000120   Section        0  uidiv.o(.text)
    .text                                    0x0800014c   Section        0  idiv.o(.text)
    .text                                    0x08000174   Section        0  memseta.o(.text)
    .text                                    0x08000198   Section        0  fadd.o(.text)
    .text                                    0x0800024a   Section        0  fmul.o(.text)
    .text                                    0x080002c4   Section        0  fdiv.o(.text)
    .text                                    0x08000340   Section        0  dadd.o(.text)
    .text                                    0x080004a4   Section        0  dmul.o(.text)
    .text                                    0x08000574   Section        0  ffltui.o(.text)
    .text                                    0x08000582   Section        0  ffixui.o(.text)
    .text                                    0x080005aa   Section        0  f2d.o(.text)
    .text                                    0x080005d4   Section       40  cdcmple.o(.text)
    .text                                    0x080005fc   Section       40  cdrcmple.o(.text)
    .text                                    0x08000624   Section        0  d2f.o(.text)
    .text                                    0x0800065c   Section       20  cfrcmple.o(.text)
    .text                                    0x08000670   Section        0  llshl.o(.text)
    .text                                    0x08000690   Section        0  llsshr.o(.text)
    .text                                    0x080006b6   Section        0  iusefp.o(.text)
    .text                                    0x080006b6   Section        0  fepilogue.o(.text)
    .text                                    0x08000738   Section        0  depilogue.o(.text)
    .text                                    0x080007f8   Section       36  init.o(.text)
    .text                                    0x0800081c   Section        0  llushr.o(.text)
    i.ADC_ChannelConfig                      0x0800083e   Section        0  stm32f0xx_adc.o(i.ADC_ChannelConfig)
    i.ADC_Cmd                                0x08000856   Section        0  stm32f0xx_adc.o(i.ADC_Cmd)
    i.ADC_DMACmd                             0x0800086e   Section        0  stm32f0xx_adc.o(i.ADC_DMACmd)
    i.ADC_DMARequestModeConfig               0x08000886   Section        0  stm32f0xx_adc.o(i.ADC_DMARequestModeConfig)
    i.ADC_GetCalibrationFactor               0x08000896   Section        0  stm32f0xx_adc.o(i.ADC_GetCalibrationFactor)
    i.ADC_GetFlagStatus                      0x080008d2   Section        0  stm32f0xx_adc.o(i.ADC_GetFlagStatus)
    i.ADC_Init                               0x08000904   Section        0  stm32f0xx_adc.o(i.ADC_Init)
    i.ADC_InitConfig                         0x08000930   Section        0  adc_device.o(i.ADC_InitConfig)
    i.ADC_Mode_InitConfig                    0x0800093c   Section        0  adc_device.o(i.ADC_Mode_InitConfig)
    i.ADC_StartOfConversion                  0x080009d4   Section        0  stm32f0xx_adc.o(i.ADC_StartOfConversion)
    i.AIRclean_Power_ctl                     0x080009de   Section        0  power_ctl.o(i.AIRclean_Power_ctl)
    i.AnionMask_Power_Init                   0x08000a00   Section        0  main.o(i.AnionMask_Power_Init)
    i.AnionMask_Power_off                    0x08000a38   Section        0  main.o(i.AnionMask_Power_off)
    i.AnionMask_Power_on                     0x08000a54   Section        0  main.o(i.AnionMask_Power_on)
    i.AnionMask_usb_det_Init                 0x08000a64   Section        0  main.o(i.AnionMask_usb_det_Init)
    i.AnionMask_usb_det_status               0x08000a8e   Section        0  main.o(i.AnionMask_usb_det_status)
    i.Anion_Power_Init                       0x08000a9e   Section        0  power_ctl.o(i.Anion_Power_Init)
    Anion_Power_Init                         0x08000a9f   Thumb Code    54  power_ctl.o(i.Anion_Power_Init)
    i.Anion_Power_ctl                        0x08000ad4   Section        0  power_ctl.o(i.Anion_Power_ctl)
    i.BLE_UserNum_Val                        0x08000af4   Section        0  stm32_chipid.o(i.BLE_UserNum_Val)
    i.Bluetooth_RF_BM_S02_Connect_Mode       0x08000b30   Section        0  bluetooth.o(i.Bluetooth_RF_BM_S02_Connect_Mode)
    i.Bluetooth_RF_BM_S02_MSGto_H5           0x08000b40   Section        0  bluetooth.o(i.Bluetooth_RF_BM_S02_MSGto_H5)
    i.Bluetooth_RF_BM_S02_Port_GPIO_Init     0x08000b94   Section        0  bluetooth.o(i.Bluetooth_RF_BM_S02_Port_GPIO_Init)
    i.Bluetooth_Sendmsg                      0x08000c44   Section        0  bluetooth.o(i.Bluetooth_Sendmsg)
    i.Clear_USART_Buff                       0x08000c70   Section        0  usart_device.o(i.Clear_USART_Buff)
    i.Clear_msg_Fifo                         0x08000c9c   Section        0  data_structure.o(i.Clear_msg_Fifo)
    i.DMA_ClearFlag                          0x08000cac   Section        0  stm32f0xx_dma.o(i.DMA_ClearFlag)
    i.DMA_Cmd                                0x08000ccc   Section        0  stm32f0xx_dma.o(i.DMA_Cmd)
    i.DMA_DeInit                             0x08000ce8   Section        0  stm32f0xx_dma.o(i.DMA_DeInit)
    i.DMA_GetFlagStatus                      0x08000e4c   Section        0  stm32f0xx_dma.o(i.DMA_GetFlagStatus)
    i.DMA_Init                               0x08000e80   Section        0  stm32f0xx_dma.o(i.DMA_Init)
    i.DMA_InitConfig                         0x08000ec0   Section        0  adc_device.o(i.DMA_InitConfig)
    i.EXTI0_1_IRQHandler                     0x08000f20   Section        0  stm32f0xx_it.o(i.EXTI0_1_IRQHandler)
    i.EXTI4_15_IRQHandler                    0x08000f5c   Section        0  stm32f0xx_it.o(i.EXTI4_15_IRQHandler)
    i.EXTI_ClearITPendingBit                 0x08000f98   Section        0  stm32f0xx_exti.o(i.EXTI_ClearITPendingBit)
    i.EXTI_GetITStatus                       0x08000fa4   Section        0  stm32f0xx_exti.o(i.EXTI_GetITStatus)
    i.EXTI_Init                              0x08000fc0   Section        0  stm32f0xx_exti.o(i.EXTI_Init)
    i.Exti0_InitConfig                       0x08001048   Section        0  lowpower.o(i.Exti0_InitConfig)
    Exti0_InitConfig                         0x08001049   Thumb Code    62  lowpower.o(i.Exti0_InitConfig)
    i.FLASH_PrefetchBufferCmd                0x08001088   Section        0  stm32f0xx_flash.o(i.FLASH_PrefetchBufferCmd)
    i.FLASH_SetLatency                       0x080010ac   Section        0  stm32f0xx_flash.o(i.FLASH_SetLatency)
    i.GPIO_Init                              0x080010c8   Section        0  stm32f0xx_gpio.o(i.GPIO_Init)
    i.GPIO_PinAFConfig                       0x08001158   Section        0  stm32f0xx_gpio.o(i.GPIO_PinAFConfig)
    i.GPIO_ReadInputDataBit                  0x0800119c   Section        0  stm32f0xx_gpio.o(i.GPIO_ReadInputDataBit)
    i.GPIO_ResetBits                         0x080011b0   Section        0  stm32f0xx_gpio.o(i.GPIO_ResetBits)
    i.GPIO_SetBits                           0x080011b4   Section        0  stm32f0xx_gpio.o(i.GPIO_SetBits)
    i.Get_Adc                                0x080011b8   Section        0  adc_device.o(i.Get_Adc)
    i.Get_BattryVoltage                      0x080011f8   Section        0  adc_device.o(i.Get_BattryVoltage)
    i.Get_ChipID                             0x08001220   Section        0  stm32_chipid.o(i.Get_ChipID)
    i.Get_KeyStatus                          0x08001254   Section        0  key_driver.o(i.Get_KeyStatus)
    i.Get_RS_Val                             0x08001264   Section        0  tgs2600_driver.o(i.Get_RS_Val)
    i.Get_VRL_Val                            0x080012ac   Section        0  tgs2600_driver.o(i.Get_VRL_Val)
    i.Get_Voltage                            0x080012bc   Section        0  adc_device.o(i.Get_Voltage)
    i.HardFault_Handler                      0x080012f4   Section        0  stm32f0xx_it.o(i.HardFault_Handler)
    i.I2C_CheckDevice                        0x080012f8   Section        0  i2c_driver.o(i.I2C_CheckDevice)
    i.I2C_GPIOInitConfig                     0x08001314   Section        0  i2c_driver.o(i.I2C_GPIOInitConfig)
    i.I2C_RecvACK                            0x08001354   Section        0  i2c_driver.o(i.I2C_RecvACK)
    i.I2C_RecvByte                           0x080013a8   Section        0  i2c_driver.o(i.I2C_RecvByte)
    i.I2C_SendACK                            0x080013fc   Section        0  i2c_driver.o(i.I2C_SendACK)
    i.I2C_SendByte                           0x0800144c   Section        0  i2c_driver.o(i.I2C_SendByte)
    i.I2C_Start                              0x080014b0   Section        0  i2c_driver.o(i.I2C_Start)
    i.I2C_Stop                               0x080014e8   Section        0  i2c_driver.o(i.I2C_Stop)
    i.In_Stop_Mode                           0x08001518   Section        0  lowpower.o(i.In_Stop_Mode)
    i.Keydriver_Scan                         0x0800155c   Section        0  key_driver.o(i.Keydriver_Scan)
    i.Led_GpioConfig                         0x0800164c   Section        0  led_device.o(i.Led_GpioConfig)
    i.LowPower_Setup_GPIO                    0x08001684   Section        0  lowpower.o(i.LowPower_Setup_GPIO)
    LowPower_Setup_GPIO                      0x08001685   Thumb Code    90  lowpower.o(i.LowPower_Setup_GPIO)
    i.NMI_Handler                            0x080016ec   Section        0  stm32f0xx_it.o(i.NMI_Handler)
    i.NVIC_Init                              0x080016f0   Section        0  stm32f0xx_misc.o(i.NVIC_Init)
    i.NVIC_SystemLPConfig                    0x08001760   Section        0  stm32f0xx_misc.o(i.NVIC_SystemLPConfig)
    i.NVIC_SystemReset                       0x08001780   Section        0  run_task.o(i.NVIC_SystemReset)
    NVIC_SystemReset                         0x08001781   Thumb Code    42  run_task.o(i.NVIC_SystemReset)
    i.PWR_EnterSTOPMode                      0x080017b4   Section        0  stm32f0xx_pwr.o(i.PWR_EnterSTOPMode)
    i.Pack_IntegerData                       0x08001818   Section        0  data_pack.o(i.Pack_IntegerData)
    i.PendSV_Handler                         0x080019a4   Section        0  stm32f0xx_it.o(i.PendSV_Handler)
    i.PolluteClass_Judge                     0x080019a8   Section        0  tgs2600_driver.o(i.PolluteClass_Judge)
    i.PolluteDatum_K_Val                     0x08001b84   Section        0  tgs2600_driver.o(i.PolluteDatum_K_Val)
    i.RCC_AHBPeriphClockCmd                  0x08001bd8   Section        0  stm32f0xx_rcc.o(i.RCC_AHBPeriphClockCmd)
    i.RCC_APB1PeriphClockCmd                 0x08001bf8   Section        0  stm32f0xx_rcc.o(i.RCC_APB1PeriphClockCmd)
    i.RCC_APB2PeriphClockCmd                 0x08001c18   Section        0  stm32f0xx_rcc.o(i.RCC_APB2PeriphClockCmd)
    i.RCC_Configuration                      0x08001c38   Section        0  main.o(i.RCC_Configuration)
    i.RCC_DeInit                             0x08001c90   Section        0  stm32f0xx_rcc.o(i.RCC_DeInit)
    i.RCC_GetClocksFreq                      0x08001d08   Section        0  stm32f0xx_rcc.o(i.RCC_GetClocksFreq)
    i.RCC_GetFlagStatus                      0x08001f50   Section        0  stm32f0xx_rcc.o(i.RCC_GetFlagStatus)
    i.RCC_GetSYSCLKSource                    0x08001f98   Section        0  stm32f0xx_rcc.o(i.RCC_GetSYSCLKSource)
    i.RCC_HCLKConfig                         0x08001fa8   Section        0  stm32f0xx_rcc.o(i.RCC_HCLKConfig)
    i.RCC_HSEConfig                          0x08001fc8   Section        0  stm32f0xx_rcc.o(i.RCC_HSEConfig)
    i.RCC_PCLKConfig                         0x08001fd8   Section        0  stm32f0xx_rcc.o(i.RCC_PCLKConfig)
    i.RCC_PLLCmd                             0x08001ffc   Section        0  stm32f0xx_rcc.o(i.RCC_PLLCmd)
    i.RCC_PLLConfig                          0x08002024   Section        0  stm32f0xx_rcc.o(i.RCC_PLLConfig)
    i.RCC_SYSCLKConfig                       0x08002048   Section        0  stm32f0xx_rcc.o(i.RCC_SYSCLKConfig)
    i.RCC_USARTCLKConfig                     0x08002064   Section        0  stm32f0xx_rcc.o(i.RCC_USARTCLKConfig)
    i.RCC_WaitForHSEStartUp                  0x080020ac   Section        0  stm32f0xx_rcc.o(i.RCC_WaitForHSEStartUp)
    i.Rs_filter                              0x080020e8   Section        0  tgs2600_driver.o(i.Rs_filter)
    i.Run_Start                              0x08002118   Section        0  run_task.o(i.Run_Start)
    i.Run_Task                               0x08002180   Section        0  run_task.o(i.Run_Task)
    i.SDA_IN                                 0x08002484   Section        0  i2c_driver.o(i.SDA_IN)
    SDA_IN                                   0x08002485   Thumb Code    26  i2c_driver.o(i.SDA_IN)
    i.SDA_OUT                                0x080024a4   Section        0  i2c_driver.o(i.SDA_OUT)
    SDA_OUT                                  0x080024a5   Thumb Code    42  i2c_driver.o(i.SDA_OUT)
    i.SHT2x_CalcRH                           0x080024d4   Section        0  sht2x.o(i.SHT2x_CalcRH)
    i.SHT2x_CalcTemperatureC                 0x08002518   Section        0  sht2x.o(i.SHT2x_CalcTemperatureC)
    i.SHT2x_CheckCrc                         0x08002564   Section        0  sht2x.o(i.SHT2x_CheckCrc)
    i.SHT2x_MeasurePoll                      0x080025b0   Section        0  sht2x.o(i.SHT2x_MeasurePoll)
    i.SHT2x_SoftReset                        0x0800267c   Section        0  sht2x.o(i.SHT2x_SoftReset)
    i.SPI2_IRQHandler                        0x080026aa   Section        0  stm32f0xx_it.o(i.SPI2_IRQHandler)
    i.SVC_Handler                            0x080026ac   Section        0  stm32f0xx_it.o(i.SVC_Handler)
    i.SYSCFG_EXTILineConfig                  0x080026b0   Section        0  stm32f0xx_syscfg.o(i.SYSCFG_EXTILineConfig)
    i.Save_Rs_Val                            0x080026f0   Section        0  tgs2600_driver.o(i.Save_Rs_Val)
    i.SeqList_Clear                          0x08002708   Section        0  seqlist.o(i.SeqList_Clear)
    i.SeqList_Create                         0x08002738   Section        0  seqlist.o(i.SeqList_Create)
    i.SeqList_Delete                         0x08002758   Section        0  seqlist.o(i.SeqList_Delete)
    i.SeqList_Get                            0x080027b0   Section        0  seqlist.o(i.SeqList_Get)
    i.SeqList_Insert                         0x080027cc   Section        0  seqlist.o(i.SeqList_Insert)
    i.SeqList_Length                         0x0800282c   Section        0  seqlist.o(i.SeqList_Length)
    i.SeqQueue_Append                        0x0800283c   Section        0  seqqueue.o(i.SeqQueue_Append)
    i.SeqQueue_Clear                         0x08002856   Section        0  seqqueue.o(i.SeqQueue_Clear)
    i.SeqQueue_Create                        0x08002862   Section        0  seqqueue.o(i.SeqQueue_Create)
    i.SeqQueue_Header                        0x0800286a   Section        0  seqqueue.o(i.SeqQueue_Header)
    i.SeqQueue_Init                          0x08002878   Section        0  data_structure.o(i.SeqQueue_Init)
    i.SeqQueue_Length                        0x08002888   Section        0  seqqueue.o(i.SeqQueue_Length)
    i.SeqQueue_Retrieve                      0x08002894   Section        0  seqqueue.o(i.SeqQueue_Retrieve)
    i.SetSysClock                            0x080028a4   Section        0  system_stm32f0xx.o(i.SetSysClock)
    SetSysClock                              0x080028a5   Thumb Code   206  system_stm32f0xx.o(i.SetSysClock)
    i.Set_MaxR_Val                           0x0800297c   Section        0  tgs2600_driver.o(i.Set_MaxR_Val)
    i.SysTick_Handler                        0x080029a0   Section        0  stm32f0xx_it.o(i.SysTick_Handler)
    i.SysTick_Init                           0x080029a4   Section        0  systick.o(i.SysTick_Init)
    i.SystemInit                             0x080029d8   Section        0  system_stm32f0xx.o(i.SystemInit)
    i.TGS2600_Power_Init                     0x08002a54   Section        0  power_ctl.o(i.TGS2600_Power_Init)
    TGS2600_Power_Init                       0x08002a55   Thumb Code    58  power_ctl.o(i.TGS2600_Power_Init)
    i.TGS2600_Power_ctl                      0x08002a8e   Section        0  power_ctl.o(i.TGS2600_Power_ctl)
    i.TIM3_IRQHandler                        0x08002ab4   Section        0  stm32f0xx_it.o(i.TIM3_IRQHandler)
    i.TIM3_Initconfig                        0x08002b74   Section        0  tim_driver.o(i.TIM3_Initconfig)
    TIM3_Initconfig                          0x08002b75   Thumb Code    72  tim_driver.o(i.TIM3_Initconfig)
    i.TIM_ClearFlag                          0x08002bc4   Section        0  stm32f0xx_tim.o(i.TIM_ClearFlag)
    i.TIM_ClearITPendingBit                  0x08002bca   Section        0  stm32f0xx_tim.o(i.TIM_ClearITPendingBit)
    i.TIM_Cmd                                0x08002bd0   Section        0  stm32f0xx_tim.o(i.TIM_Cmd)
    i.TIM_GetITStatus                        0x08002bec   Section        0  stm32f0xx_tim.o(i.TIM_GetITStatus)
    i.TIM_ITConfig                           0x08002c12   Section        0  stm32f0xx_tim.o(i.TIM_ITConfig)
    i.TIM_Init                               0x08002c26   Section        0  tim_driver.o(i.TIM_Init)
    i.TIM_NVIC_Initconfig                    0x08002c32   Section        0  tim_driver.o(i.TIM_NVIC_Initconfig)
    TIM_NVIC_Initconfig                      0x08002c33   Thumb Code    22  tim_driver.o(i.TIM_NVIC_Initconfig)
    i.TIM_TimeBaseInit                       0x08002c48   Section        0  stm32f0xx_tim.o(i.TIM_TimeBaseInit)
    i.USART1_IRQHandler                      0x08002cc4   Section        0  stm32f0xx_it.o(i.USART1_IRQHandler)
    i.USART_ClearFlag                        0x08002d38   Section        0  stm32f0xx_usart.o(i.USART_ClearFlag)
    i.USART_ClearITPendingBit                0x08002d3c   Section        0  stm32f0xx_usart.o(i.USART_ClearITPendingBit)
    i.USART_Cmd                              0x08002d4e   Section        0  stm32f0xx_usart.o(i.USART_Cmd)
    i.USART_GetFlagStatus                    0x08002d66   Section        0  stm32f0xx_usart.o(i.USART_GetFlagStatus)
    i.USART_GetITStatus                      0x08002d7a   Section        0  stm32f0xx_usart.o(i.USART_GetITStatus)
    i.USART_ITConfig                         0x08002dc8   Section        0  stm32f0xx_usart.o(i.USART_ITConfig)
    i.USART_Init                             0x08002e0c   Section        0  stm32f0xx_usart.o(i.USART_Init)
    i.USART_ReceiveData                      0x08002f04   Section        0  stm32f0xx_usart.o(i.USART_ReceiveData)
    i.USART_SendData                         0x08002f0e   Section        0  stm32f0xx_usart.o(i.USART_SendData)
    i.Usart1_InitConfig                      0x08002f18   Section        0  usart_device.o(i.Usart1_InitConfig)
    i.Usart_InitConfig                       0x08002fc0   Section        0  usart_device.o(i.Usart_InitConfig)
    i.Usart_NVIC_InitConfig                  0x08002fcc   Section        0  usart_device.o(i.Usart_NVIC_InitConfig)
    i.__0printf$3                            0x08002fe0   Section        0  printf3.o(i.__0printf$3)
    i.__ARM_clz                              0x08003000   Section        0  depilogue.o(i.__ARM_clz)
    i.__ARM_common_switch8                   0x0800302e   Section        0  run_task.o(i.__ARM_common_switch8)
    i.__scatterload_copy                     0x0800304a   Section       14  handlers.o(i.__scatterload_copy)
    i.__scatterload_null                     0x08003058   Section        2  handlers.o(i.__scatterload_null)
    i.__scatterload_zeroinit                 0x0800305a   Section       14  handlers.o(i.__scatterload_zeroinit)
    i._printf_core                           0x08003068   Section        0  printf3.o(i._printf_core)
    _printf_core                             0x08003069   Thumb Code   456  printf3.o(i._printf_core)
    i.delay_ms                               0x08003234   Section        0  systick.o(i.delay_ms)
    i.delay_us                               0x08003274   Section        0  systick.o(i.delay_us)
    i.filter                                 0x080032b4   Section        0  adc_device.o(i.filter)
    i.fputc                                  0x080032ec   Section        0  usart_device.o(i.fputc)
    i.get_msg_Fifo                           0x08003310   Section        0  data_structure.o(i.get_msg_Fifo)
    i.io_key                                 0x08003340   Section        0  key_driver.o(i.io_key)
    i.key_GpioConfig                         0x08003356   Section        0  key_driver.o(i.key_GpioConfig)
    i.main                                   0x08003380   Section        0  main.o(i.main)
    i.power_ctl_InitConfig                   0x080035d4   Section        0  power_ctl.o(i.power_ctl_InitConfig)
    i.put_msg_Fifo                           0x080035e0   Section        0  data_structure.o(i.put_msg_Fifo)
    i.st_memset                              0x080035f4   Section        0  st_string.o(i.st_memset)
    i.st_strcmp                              0x0800360c   Section        0  st_string.o(i.st_strcmp)
    i.st_strlen                              0x08003634   Section        0  st_string.o(i.st_strlen)
    i.usart1_putc                            0x0800364c   Section        0  usart_device.o(i.usart1_putc)
    i.usart1_putstr                          0x08003670   Section        0  usart_device.o(i.usart1_putstr)
    .data                                    0x20000000   Section       16  stm32f0xx_rcc.o(.data)
    APBAHBPrescTable                         0x20000000   Data          16  stm32f0xx_rcc.o(.data)
    .data                                    0x20000010   Section       16  key_driver.o(.data)
    .data                                    0x20000020   Section        4  systick.o(.data)
    fac_us                                   0x20000020   Data           1  systick.o(.data)
    fac_ms                                   0x20000022   Data           2  systick.o(.data)
    .data                                    0x20000024   Section       12  usart_device.o(.data)
    .data                                    0x20000030   Section        4  adc_device.o(.data)
    .data                                    0x20000034   Section        6  tgs2600_driver.o(.data)
    .data                                    0x2000003c   Section        8  data_structure.o(.data)
    .data                                    0x20000044   Section        5  seqlist.o(.data)
    .data                                    0x20000049   Section        1  run_task.o(.data)
    .data                                    0x2000004c   Section       20  stm32f0xx_it.o(.data)
    .data                                    0x20000060   Section        4  stdout.o(.data)
    .bss                                     0x20000064   Section      512  usart_device.o(.bss)
    .bss                                     0x20000264   Section      200  adc_device.o(.bss)
    .bss                                     0x2000032c   Section       32  tgs2600_driver.o(.bss)
    .bss                                     0x2000034c   Section       12  seqlist.o(.bss)
    STACK                                    0x20000358   Section     1024  startup_stm32f030.o(STACK)

    Global Symbols

    Symbol Name                              Value     Ov Type        Size  Object(Section)

    BuildAttributes$$THM_ISAv3M$S$PE$A:L22$X:L11$S22$IEEE1$IW$USESV6$~STKCKD$USESV7$~SHL$OTIME$ROPI$EBA8$MICROLIB$REQ8$PRES8$EABIv2 0x00000000   Number         0  anon$$obj.o ABSOLUTE
    __ARM_use_no_argv                        0x00000000   Number         0  main.o ABSOLUTE
    _printf_a                                0x00000000   Number         0  stubs.o ABSOLUTE
    _printf_c                                0x00000000   Number         0  stubs.o ABSOLUTE
    _printf_charcount                        0x00000000   Number         0  stubs.o ABSOLUTE
    _printf_d                                0x00000000   Number         0  stubs.o ABSOLUTE
    _printf_e                                0x00000000   Number         0  stubs.o ABSOLUTE
    _printf_f                                0x00000000   Number         0  stubs.o ABSOLUTE
    _printf_flags                            0x00000000   Number         0  stubs.o ABSOLUTE
    _printf_fp_dec                           0x00000000   Number         0  stubs.o ABSOLUTE
    _printf_fp_hex                           0x00000000   Number         0  stubs.o ABSOLUTE
    _printf_g                                0x00000000   Number         0  stubs.o ABSOLUTE
    _printf_i                                0x00000000   Number         0  stubs.o ABSOLUTE
    _printf_int_dec                          0x00000000   Number         0  stubs.o ABSOLUTE
    _printf_l                                0x00000000   Number         0  stubs.o ABSOLUTE
    _printf_lc                               0x00000000   Number         0  stubs.o ABSOLUTE
    _printf_ll                               0x00000000   Number         0  stubs.o ABSOLUTE
    _printf_lld                              0x00000000   Number         0  stubs.o ABSOLUTE
    _printf_lli                              0x00000000   Number         0  stubs.o ABSOLUTE
    _printf_llo                              0x00000000   Number         0  stubs.o ABSOLUTE
    _printf_llu                              0x00000000   Number         0  stubs.o ABSOLUTE
    _printf_llx                              0x00000000   Number         0  stubs.o ABSOLUTE
    _printf_longlong_dec                     0x00000000   Number         0  stubs.o ABSOLUTE
    _printf_longlong_hex                     0x00000000   Number         0  stubs.o ABSOLUTE
    _printf_longlong_oct                     0x00000000   Number         0  stubs.o ABSOLUTE
    _printf_ls                               0x00000000   Number         0  stubs.o ABSOLUTE
    _printf_mbtowc                           0x00000000   Number         0  stubs.o ABSOLUTE
    _printf_n                                0x00000000   Number         0  stubs.o ABSOLUTE
    _printf_o                                0x00000000   Number         0  stubs.o ABSOLUTE
    _printf_p                                0x00000000   Number         0  stubs.o ABSOLUTE
    _printf_percent                          0x00000000   Number         0  stubs.o ABSOLUTE
    _printf_pre_padding                      0x00000000   Number         0  stubs.o ABSOLUTE
    _printf_return_value                     0x00000000   Number         0  stubs.o ABSOLUTE
    _printf_s                                0x00000000   Number         0  stubs.o ABSOLUTE
    _printf_sizespec                         0x00000000   Number         0  stubs.o ABSOLUTE
    _printf_str                              0x00000000   Number         0  stubs.o ABSOLUTE
    _printf_truncate_signed                  0x00000000   Number         0  stubs.o ABSOLUTE
    _printf_truncate_unsigned                0x00000000   Number         0  stubs.o ABSOLUTE
    _printf_u                                0x00000000   Number         0  stubs.o ABSOLUTE
    _printf_wc                               0x00000000   Number         0  stubs.o ABSOLUTE
    _printf_wctomb                           0x00000000   Number         0  stubs.o ABSOLUTE
    _printf_widthprec                        0x00000000   Number         0  stubs.o ABSOLUTE
    _printf_x                                0x00000000   Number         0  stubs.o ABSOLUTE
    __cpp_initialize__aeabi_                  - Undefined Weak Reference
    __cxa_finalize                            - Undefined Weak Reference
    __decompress                              - Undefined Weak Reference
    _clock_init                               - Undefined Weak Reference
    _microlib_exit                            - Undefined Weak Reference
    __Vectors_Size                           0x000000b4   Number         0  startup_stm32f030.o ABSOLUTE
    __Vectors                                0x08000000   Data           4  startup_stm32f030.o(RESET)
    __Vectors_End                            0x080000b4   Data           0  startup_stm32f030.o(RESET)
    __main                                   0x080000b5   Thumb Code     0  entry.o(.ARM.Collect$$$$00000000)
    _main_stk                                0x080000b5   Thumb Code     0  entry2.o(.ARM.Collect$$$$00000001)
    _main_scatterload                        0x080000b9   Thumb Code     0  entry5.o(.ARM.Collect$$$$00000004)
    __main_after_scatterload                 0x080000bd   Thumb Code     0  entry5.o(.ARM.Collect$$$$00000004)
    _main_clock                              0x080000bd   Thumb Code     0  entry7b.o(.ARM.Collect$$$$00000008)
    _main_cpp_init                           0x080000bd   Thumb Code     0  entry8b.o(.ARM.Collect$$$$0000000A)
    _main_init                               0x080000bd   Thumb Code     0  entry9a.o(.ARM.Collect$$$$0000000B)
    __rt_final_cpp                           0x080000c5   Thumb Code     0  entry10a.o(.ARM.Collect$$$$0000000D)
    __rt_final_exit                          0x080000c5   Thumb Code     0  entry11a.o(.ARM.Collect$$$$0000000F)
    Reset_Handler                            0x080000c9   Thumb Code    38  startup_stm32f030.o(.text)
    ADC1_IRQHandler                          0x080000f9   Thumb Code     0  startup_stm32f030.o(.text)
    DMA1_Channel1_IRQHandler                 0x080000f9   Thumb Code     0  startup_stm32f030.o(.text)
    DMA1_Channel2_3_IRQHandler               0x080000f9   Thumb Code     0  startup_stm32f030.o(.text)
    DMA1_Channel4_5_IRQHandler               0x080000f9   Thumb Code     0  startup_stm32f030.o(.text)
    EXTI2_3_IRQHandler                       0x080000f9   Thumb Code     0  startup_stm32f030.o(.text)
    FLASH_IRQHandler                         0x080000f9   Thumb Code     0  startup_stm32f030.o(.text)
    I2C1_IRQHandler                          0x080000f9   Thumb Code     0  startup_stm32f030.o(.text)
    I2C2_IRQHandler                          0x080000f9   Thumb Code     0  startup_stm32f030.o(.text)
    RCC_IRQHandler                           0x080000f9   Thumb Code     0  startup_stm32f030.o(.text)
    RTC_IRQHandler                           0x080000f9   Thumb Code     0  startup_stm32f030.o(.text)
    SPI1_IRQHandler                          0x080000f9   Thumb Code     0  startup_stm32f030.o(.text)
    TIM14_IRQHandler                         0x080000f9   Thumb Code     0  startup_stm32f030.o(.text)
    TIM15_IRQHandler                         0x080000f9   Thumb Code     0  startup_stm32f030.o(.text)
    TIM16_IRQHandler                         0x080000f9   Thumb Code     0  startup_stm32f030.o(.text)
    TIM17_IRQHandler                         0x080000f9   Thumb Code     0  startup_stm32f030.o(.text)
    TIM1_BRK_UP_TRG_COM_IRQHandler           0x080000f9   Thumb Code     0  startup_stm32f030.o(.text)
    TIM1_CC_IRQHandler                       0x080000f9   Thumb Code     0  startup_stm32f030.o(.text)
    USART2_IRQHandler                        0x080000f9   Thumb Code     0  startup_stm32f030.o(.text)
    WWDG_IRQHandler                          0x080000f9   Thumb Code     0  startup_stm32f030.o(.text)
    __aeabi_uidiv                            0x08000121   Thumb Code     0  uidiv.o(.text)
    __aeabi_uidivmod                         0x08000121   Thumb Code    44  uidiv.o(.text)
    __aeabi_idiv                             0x0800014d   Thumb Code     0  idiv.o(.text)
    __aeabi_idivmod                          0x0800014d   Thumb Code    40  idiv.o(.text)
    __aeabi_memset                           0x08000175   Thumb Code    14  memseta.o(.text)
    __aeabi_memset4                          0x08000175   Thumb Code     0  memseta.o(.text)
    __aeabi_memset8                          0x08000175   Thumb Code     0  memseta.o(.text)
    __aeabi_memclr                           0x08000183   Thumb Code     4  memseta.o(.text)
    __aeabi_memclr4                          0x08000183   Thumb Code     0  memseta.o(.text)
    __aeabi_memclr8                          0x08000183   Thumb Code     0  memseta.o(.text)
    _memset$wrapper                          0x08000187   Thumb Code    18  memseta.o(.text)
    __aeabi_fadd                             0x08000199   Thumb Code   162  fadd.o(.text)
    __aeabi_fsub                             0x0800023b   Thumb Code     8  fadd.o(.text)
    __aeabi_frsub                            0x08000243   Thumb Code     8  fadd.o(.text)
    __aeabi_fmul                             0x0800024b   Thumb Code   122  fmul.o(.text)
    __aeabi_fdiv                             0x080002c5   Thumb Code   124  fdiv.o(.text)
    __aeabi_dadd                             0x08000341   Thumb Code   328  dadd.o(.text)
    __aeabi_dsub                             0x08000489   Thumb Code    12  dadd.o(.text)
    __aeabi_drsub                            0x08000495   Thumb Code    12  dadd.o(.text)
    __aeabi_dmul                             0x080004a5   Thumb Code   202  dmul.o(.text)
    __aeabi_ui2f                             0x08000575   Thumb Code    14  ffltui.o(.text)
    __aeabi_f2uiz                            0x08000583   Thumb Code    40  ffixui.o(.text)
    __aeabi_f2d                              0x080005ab   Thumb Code    40  f2d.o(.text)
    __aeabi_cdcmpeq                          0x080005d5   Thumb Code     0  cdcmple.o(.text)
    __aeabi_cdcmple                          0x080005d5   Thumb Code    38  cdcmple.o(.text)
    __aeabi_cdrcmple                         0x080005fd   Thumb Code    38  cdrcmple.o(.text)
    __aeabi_d2f                              0x08000625   Thumb Code    56  d2f.o(.text)
    __aeabi_cfrcmple                         0x0800065d   Thumb Code    20  cfrcmple.o(.text)
    __aeabi_llsl                             0x08000671   Thumb Code    32  llshl.o(.text)
    _ll_shift_l                              0x08000671   Thumb Code     0  llshl.o(.text)
    __aeabi_lasr                             0x08000691   Thumb Code    38  llsshr.o(.text)
    _ll_sshift_r                             0x08000691   Thumb Code     0  llsshr.o(.text)
    __I$use$fp                               0x080006b7   Thumb Code     0  iusefp.o(.text)
    _float_round                             0x080006b7   Thumb Code    16  fepilogue.o(.text)
    _float_epilogue                          0x080006c7   Thumb Code   114  fepilogue.o(.text)
    _double_round                            0x08000739   Thumb Code    26  depilogue.o(.text)
    _double_epilogue                         0x08000753   Thumb Code   164  depilogue.o(.text)
    __scatterload                            0x080007f9   Thumb Code    28  init.o(.text)
    __scatterload_rt2                        0x080007f9   Thumb Code     0  init.o(.text)
    __aeabi_llsr                             0x0800081d   Thumb Code    34  llushr.o(.text)
    _ll_ushift_r                             0x0800081d   Thumb Code     0  llushr.o(.text)
    ADC_ChannelConfig                        0x0800083f   Thumb Code    24  stm32f0xx_adc.o(i.ADC_ChannelConfig)
    ADC_Cmd                                  0x08000857   Thumb Code    24  stm32f0xx_adc.o(i.ADC_Cmd)
    ADC_DMACmd                               0x0800086f   Thumb Code    24  stm32f0xx_adc.o(i.ADC_DMACmd)
    ADC_DMARequestModeConfig                 0x08000887   Thumb Code    16  stm32f0xx_adc.o(i.ADC_DMARequestModeConfig)
    ADC_GetCalibrationFactor                 0x08000897   Thumb Code    60  stm32f0xx_adc.o(i.ADC_GetCalibrationFactor)
    ADC_GetFlagStatus                        0x080008d3   Thumb Code    48  stm32f0xx_adc.o(i.ADC_GetFlagStatus)
    ADC_Init                                 0x08000905   Thumb Code    40  stm32f0xx_adc.o(i.ADC_Init)
    ADC_InitConfig                           0x08000931   Thumb Code    12  adc_device.o(i.ADC_InitConfig)
    ADC_Mode_InitConfig                      0x0800093d   Thumb Code   146  adc_device.o(i.ADC_Mode_InitConfig)
    ADC_StartOfConversion                    0x080009d5   Thumb Code    10  stm32f0xx_adc.o(i.ADC_StartOfConversion)
    AIRclean_Power_ctl                       0x080009df   Thumb Code    32  power_ctl.o(i.AIRclean_Power_ctl)
    AnionMask_Power_Init                     0x08000a01   Thumb Code    50  main.o(i.AnionMask_Power_Init)
    AnionMask_Power_off                      0x08000a39   Thumb Code    22  main.o(i.AnionMask_Power_off)
    AnionMask_Power_on                       0x08000a55   Thumb Code    12  main.o(i.AnionMask_Power_on)
    AnionMask_usb_det_Init                   0x08000a65   Thumb Code    42  main.o(i.AnionMask_usb_det_Init)
    AnionMask_usb_det_status                 0x08000a8f   Thumb Code    16  main.o(i.AnionMask_usb_det_status)
    Anion_Power_ctl                          0x08000ad5   Thumb Code    32  power_ctl.o(i.Anion_Power_ctl)
    BLE_UserNum_Val                          0x08000af5   Thumb Code    60  stm32_chipid.o(i.BLE_UserNum_Val)
    Bluetooth_RF_BM_S02_Connect_Mode         0x08000b31   Thumb Code    14  bluetooth.o(i.Bluetooth_RF_BM_S02_Connect_Mode)
    Bluetooth_RF_BM_S02_MSGto_H5             0x08000b41   Thumb Code    66  bluetooth.o(i.Bluetooth_RF_BM_S02_MSGto_H5)
    Bluetooth_RF_BM_S02_Port_GPIO_Init       0x08000b95   Thumb Code   172  bluetooth.o(i.Bluetooth_RF_BM_S02_Port_GPIO_Init)
    Bluetooth_Sendmsg                        0x08000c45   Thumb Code    40  bluetooth.o(i.Bluetooth_Sendmsg)
    Clear_USART_Buff                         0x08000c71   Thumb Code    34  usart_device.o(i.Clear_USART_Buff)
    Clear_msg_Fifo                           0x08000c9d   Thumb Code    12  data_structure.o(i.Clear_msg_Fifo)
    DMA_ClearFlag                            0x08000cad   Thumb Code    22  stm32f0xx_dma.o(i.DMA_ClearFlag)
    DMA_Cmd                                  0x08000ccd   Thumb Code    24  stm32f0xx_dma.o(i.DMA_Cmd)
    DMA_DeInit                               0x08000ce9   Thumb Code   342  stm32f0xx_dma.o(i.DMA_DeInit)
    DMA_GetFlagStatus                        0x08000e4d   Thumb Code    42  stm32f0xx_dma.o(i.DMA_GetFlagStatus)
    DMA_Init                                 0x08000e81   Thumb Code    58  stm32f0xx_dma.o(i.DMA_Init)
    DMA_InitConfig                           0x08000ec1   Thumb Code    82  adc_device.o(i.DMA_InitConfig)
    EXTI0_1_IRQHandler                       0x08000f21   Thumb Code    26  stm32f0xx_it.o(i.EXTI0_1_IRQHandler)
    EXTI4_15_IRQHandler                      0x08000f5d   Thumb Code    26  stm32f0xx_it.o(i.EXTI4_15_IRQHandler)
    EXTI_ClearITPendingBit                   0x08000f99   Thumb Code     6  stm32f0xx_exti.o(i.EXTI_ClearITPendingBit)
    EXTI_GetITStatus                         0x08000fa5   Thumb Code    22  stm32f0xx_exti.o(i.EXTI_GetITStatus)
    EXTI_Init                                0x08000fc1   Thumb Code   132  stm32f0xx_exti.o(i.EXTI_Init)
    FLASH_PrefetchBufferCmd                  0x08001089   Thumb Code    32  stm32f0xx_flash.o(i.FLASH_PrefetchBufferCmd)
    FLASH_SetLatency                         0x080010ad   Thumb Code    24  stm32f0xx_flash.o(i.FLASH_SetLatency)
    GPIO_Init                                0x080010c9   Thumb Code   144  stm32f0xx_gpio.o(i.GPIO_Init)
    GPIO_PinAFConfig                         0x08001159   Thumb Code    68  stm32f0xx_gpio.o(i.GPIO_PinAFConfig)
    GPIO_ReadInputDataBit                    0x0800119d   Thumb Code    20  stm32f0xx_gpio.o(i.GPIO_ReadInputDataBit)
    GPIO_ResetBits                           0x080011b1   Thumb Code     4  stm32f0xx_gpio.o(i.GPIO_ResetBits)
    GPIO_SetBits                             0x080011b5   Thumb Code     4  stm32f0xx_gpio.o(i.GPIO_SetBits)
    Get_Adc                                  0x080011b9   Thumb Code    58  adc_device.o(i.Get_Adc)
    Get_BattryVoltage                        0x080011f9   Thumb Code    40  adc_device.o(i.Get_BattryVoltage)
    Get_ChipID                               0x08001221   Thumb Code    46  stm32_chipid.o(i.Get_ChipID)
    Get_KeyStatus                            0x08001255   Thumb Code    14  key_driver.o(i.Get_KeyStatus)
    Get_RS_Val                               0x08001265   Thumb Code    66  tgs2600_driver.o(i.Get_RS_Val)
    Get_VRL_Val                              0x080012ad   Thumb Code    16  tgs2600_driver.o(i.Get_VRL_Val)
    Get_Voltage                              0x080012bd   Thumb Code    46  adc_device.o(i.Get_Voltage)
    HardFault_Handler                        0x080012f5   Thumb Code     4  stm32f0xx_it.o(i.HardFault_Handler)
    I2C_CheckDevice                          0x080012f9   Thumb Code    28  i2c_driver.o(i.I2C_CheckDevice)
    I2C_GPIOInitConfig                       0x08001315   Thumb Code    58  i2c_driver.o(i.I2C_GPIOInitConfig)
    I2C_RecvACK                              0x08001355   Thumb Code    78  i2c_driver.o(i.I2C_RecvACK)
    I2C_RecvByte                             0x080013a9   Thumb Code    78  i2c_driver.o(i.I2C_RecvByte)
    I2C_SendACK                              0x080013fd   Thumb Code    74  i2c_driver.o(i.I2C_SendACK)
    I2C_SendByte                             0x0800144d   Thumb Code    94  i2c_driver.o(i.I2C_SendByte)
    I2C_Start                                0x080014b1   Thumb Code    52  i2c_driver.o(i.I2C_Start)
    I2C_Stop                                 0x080014e9   Thumb Code    44  i2c_driver.o(i.I2C_Stop)
    In_Stop_Mode                             0x08001519   Thumb Code    68  lowpower.o(i.In_Stop_Mode)
    Keydriver_Scan                           0x0800155d   Thumb Code   220  key_driver.o(i.Keydriver_Scan)
    Led_GpioConfig                           0x0800164d   Thumb Code    54  led_device.o(i.Led_GpioConfig)
    NMI_Handler                              0x080016ed   Thumb Code     2  stm32f0xx_it.o(i.NMI_Handler)
    NVIC_Init                                0x080016f1   Thumb Code   106  stm32f0xx_misc.o(i.NVIC_Init)
    NVIC_SystemLPConfig                      0x08001761   Thumb Code    28  stm32f0xx_misc.o(i.NVIC_SystemLPConfig)
    PWR_EnterSTOPMode                        0x080017b5   Thumb Code    90  stm32f0xx_pwr.o(i.PWR_EnterSTOPMode)
    Pack_IntegerData                         0x08001819   Thumb Code   388  data_pack.o(i.Pack_IntegerData)
    PendSV_Handler                           0x080019a5   Thumb Code     2  stm32f0xx_it.o(i.PendSV_Handler)
    PolluteClass_Judge                       0x080019a9   Thumb Code   426  tgs2600_driver.o(i.PolluteClass_Judge)
    PolluteDatum_K_Val                       0x08001b85   Thumb Code    62  tgs2600_driver.o(i.PolluteDatum_K_Val)
    RCC_AHBPeriphClockCmd                    0x08001bd9   Thumb Code    28  stm32f0xx_rcc.o(i.RCC_AHBPeriphClockCmd)
    RCC_APB1PeriphClockCmd                   0x08001bf9   Thumb Code    28  stm32f0xx_rcc.o(i.RCC_APB1PeriphClockCmd)
    RCC_APB2PeriphClockCmd                   0x08001c19   Thumb Code    28  stm32f0xx_rcc.o(i.RCC_APB2PeriphClockCmd)
    RCC_Configuration                        0x08001c39   Thumb Code    88  main.o(i.RCC_Configuration)
    RCC_DeInit                               0x08001c91   Thumb Code   102  stm32f0xx_rcc.o(i.RCC_DeInit)
    RCC_GetClocksFreq                        0x08001d09   Thumb Code   554  stm32f0xx_rcc.o(i.RCC_GetClocksFreq)
    RCC_GetFlagStatus                        0x08001f51   Thumb Code    68  stm32f0xx_rcc.o(i.RCC_GetFlagStatus)
    RCC_GetSYSCLKSource                      0x08001f99   Thumb Code    10  stm32f0xx_rcc.o(i.RCC_GetSYSCLKSource)
    RCC_HCLKConfig                           0x08001fa9   Thumb Code    28  stm32f0xx_rcc.o(i.RCC_HCLKConfig)
    RCC_HSEConfig                            0x08001fc9   Thumb Code    12  stm32f0xx_rcc.o(i.RCC_HSEConfig)
    RCC_PCLKConfig                           0x08001fd9   Thumb Code    30  stm32f0xx_rcc.o(i.RCC_PCLKConfig)
    RCC_PLLCmd                               0x08001ffd   Thumb Code    36  stm32f0xx_rcc.o(i.RCC_PLLCmd)
    RCC_PLLConfig                            0x08002025   Thumb Code    30  stm32f0xx_rcc.o(i.RCC_PLLConfig)
    RCC_SYSCLKConfig                         0x08002049   Thumb Code    24  stm32f0xx_rcc.o(i.RCC_SYSCLKConfig)
    RCC_USARTCLKConfig                       0x08002065   Thumb Code    68  stm32f0xx_rcc.o(i.RCC_USARTCLKConfig)
    RCC_WaitForHSEStartUp                    0x080020ad   Thumb Code    60  stm32f0xx_rcc.o(i.RCC_WaitForHSEStartUp)
    Rs_filter                                0x080020e9   Thumb Code    44  tgs2600_driver.o(i.Rs_filter)
    Run_Start                                0x08002119   Thumb Code    68  run_task.o(i.Run_Start)
    Run_Task                                 0x08002181   Thumb Code   596  run_task.o(i.Run_Task)
    SHT2x_CalcRH                             0x080024d5   Thumb Code    60  sht2x.o(i.SHT2x_CalcRH)
    SHT2x_CalcTemperatureC                   0x08002519   Thumb Code    60  sht2x.o(i.SHT2x_CalcTemperatureC)
    SHT2x_CheckCrc                           0x08002565   Thumb Code    76  sht2x.o(i.SHT2x_CheckCrc)
    SHT2x_MeasurePoll                        0x080025b1   Thumb Code   204  sht2x.o(i.SHT2x_MeasurePoll)
    SHT2x_SoftReset                          0x0800267d   Thumb Code    46  sht2x.o(i.SHT2x_SoftReset)
    SPI2_IRQHandler                          0x080026ab   Thumb Code     2  stm32f0xx_it.o(i.SPI2_IRQHandler)
    SVC_Handler                              0x080026ad   Thumb Code     2  stm32f0xx_it.o(i.SVC_Handler)
    SYSCFG_EXTILineConfig                    0x080026b1   Thumb Code    60  stm32f0xx_syscfg.o(i.SYSCFG_EXTILineConfig)
    Save_Rs_Val                              0x080026f1   Thumb Code    18  tgs2600_driver.o(i.Save_Rs_Val)
    SeqList_Clear                            0x08002709   Thumb Code    48  seqlist.o(i.SeqList_Clear)
    SeqList_Create                           0x08002739   Thumb Code    22  seqlist.o(i.SeqList_Create)
    SeqList_Delete                           0x08002759   Thumb Code    88  seqlist.o(i.SeqList_Delete)
    SeqList_Get                              0x080027b1   Thumb Code    28  seqlist.o(i.SeqList_Get)
    SeqList_Insert                           0x080027cd   Thumb Code    96  seqlist.o(i.SeqList_Insert)
    SeqList_Length                           0x0800282d   Thumb Code    16  seqlist.o(i.SeqList_Length)
    SeqQueue_Append                          0x0800283d   Thumb Code    26  seqqueue.o(i.SeqQueue_Append)
    SeqQueue_Clear                           0x08002857   Thumb Code    12  seqqueue.o(i.SeqQueue_Clear)
    SeqQueue_Create                          0x08002863   Thumb Code     8  seqqueue.o(i.SeqQueue_Create)
    SeqQueue_Header                          0x0800286b   Thumb Code    14  seqqueue.o(i.SeqQueue_Header)
    SeqQueue_Init                            0x08002879   Thumb Code    12  data_structure.o(i.SeqQueue_Init)
    SeqQueue_Length                          0x08002889   Thumb Code    12  seqqueue.o(i.SeqQueue_Length)
    SeqQueue_Retrieve                        0x08002895   Thumb Code    14  seqqueue.o(i.SeqQueue_Retrieve)
    Set_MaxR_Val                             0x0800297d   Thumb Code    30  tgs2600_driver.o(i.Set_MaxR_Val)
    SysTick_Handler                          0x080029a1   Thumb Code     2  stm32f0xx_it.o(i.SysTick_Handler)
    SysTick_Init                             0x080029a5   Thumb Code    38  systick.o(i.SysTick_Init)
    SystemInit                               0x080029d9   Thumb Code   110  system_stm32f0xx.o(i.SystemInit)
    TGS2600_Power_ctl                        0x08002a8f   Thumb Code    36  power_ctl.o(i.TGS2600_Power_ctl)
    TIM3_IRQHandler                          0x08002ab5   Thumb Code   172  stm32f0xx_it.o(i.TIM3_IRQHandler)
    TIM_ClearFlag                            0x08002bc5   Thumb Code     6  stm32f0xx_tim.o(i.TIM_ClearFlag)
    TIM_ClearITPendingBit                    0x08002bcb   Thumb Code     6  stm32f0xx_tim.o(i.TIM_ClearITPendingBit)
    TIM_Cmd                                  0x08002bd1   Thumb Code    24  stm32f0xx_tim.o(i.TIM_Cmd)
    TIM_GetITStatus                          0x08002bed   Thumb Code    38  stm32f0xx_tim.o(i.TIM_GetITStatus)
    TIM_ITConfig                             0x08002c13   Thumb Code    20  stm32f0xx_tim.o(i.TIM_ITConfig)
    TIM_Init                                 0x08002c27   Thumb Code    12  tim_driver.o(i.TIM_Init)
    TIM_TimeBaseInit                         0x08002c49   Thumb Code    90  stm32f0xx_tim.o(i.TIM_TimeBaseInit)
    USART1_IRQHandler                        0x08002cc5   Thumb Code    94  stm32f0xx_it.o(i.USART1_IRQHandler)
    USART_ClearFlag                          0x08002d39   Thumb Code     4  stm32f0xx_usart.o(i.USART_ClearFlag)
    USART_ClearITPendingBit                  0x08002d3d   Thumb Code    18  stm32f0xx_usart.o(i.USART_ClearITPendingBit)
    USART_Cmd                                0x08002d4f   Thumb Code    24  stm32f0xx_usart.o(i.USART_Cmd)
    USART_GetFlagStatus                      0x08002d67   Thumb Code    20  stm32f0xx_usart.o(i.USART_GetFlagStatus)
    USART_GetITStatus                        0x08002d7b   Thumb Code    78  stm32f0xx_usart.o(i.USART_GetITStatus)
    USART_ITConfig                           0x08002dc9   Thumb Code    66  stm32f0xx_usart.o(i.USART_ITConfig)
    USART_Init                               0x08002e0d   Thumb Code   226  stm32f0xx_usart.o(i.USART_Init)
    USART_ReceiveData                        0x08002f05   Thumb Code    10  stm32f0xx_usart.o(i.USART_ReceiveData)
    USART_SendData                           0x08002f0f   Thumb Code     8  stm32f0xx_usart.o(i.USART_SendData)
    Usart1_InitConfig                        0x08002f19   Thumb Code   158  usart_device.o(i.Usart1_InitConfig)
    Usart_InitConfig                         0x08002fc1   Thumb Code    12  usart_device.o(i.Usart_InitConfig)
    Usart_NVIC_InitConfig                    0x08002fcd   Thumb Code    20  usart_device.o(i.Usart_NVIC_InitConfig)
    __0printf$3                              0x08002fe1   Thumb Code    24  printf3.o(i.__0printf$3)
    __1printf$3                              0x08002fe1   Thumb Code     0  printf3.o(i.__0printf$3)
    __2printf                                0x08002fe1   Thumb Code     0  printf3.o(i.__0printf$3)
    __ARM_clz                                0x08003001   Thumb Code    46  depilogue.o(i.__ARM_clz)
    __ARM_common_switch8                     0x0800302f   Thumb Code    28  run_task.o(i.__ARM_common_switch8)
    __scatterload_copy                       0x0800304b   Thumb Code    14  handlers.o(i.__scatterload_copy)
    __scatterload_null                       0x08003059   Thumb Code     2  handlers.o(i.__scatterload_null)
    __scatterload_zeroinit                   0x0800305b   Thumb Code    14  handlers.o(i.__scatterload_zeroinit)
    delay_ms                                 0x08003235   Thumb Code    54  systick.o(i.delay_ms)
    delay_us                                 0x08003275   Thumb Code    54  systick.o(i.delay_us)
    filter                                   0x080032b5   Thumb Code    48  adc_device.o(i.filter)
    fputc                                    0x080032ed   Thumb Code    32  usart_device.o(i.fputc)
    get_msg_Fifo                             0x08003311   Thumb Code    40  data_structure.o(i.get_msg_Fifo)
    io_key                                   0x08003341   Thumb Code    22  key_driver.o(i.io_key)
    key_GpioConfig                           0x08003357   Thumb Code    40  key_driver.o(i.key_GpioConfig)
    main                                     0x08003381   Thumb Code   366  main.o(i.main)
    power_ctl_InitConfig                     0x080035d5   Thumb Code    12  power_ctl.o(i.power_ctl_InitConfig)
    put_msg_Fifo                             0x080035e1   Thumb Code    16  data_structure.o(i.put_msg_Fifo)
    st_memset                                0x080035f5   Thumb Code    24  st_string.o(i.st_memset)
    st_strcmp                                0x0800360d   Thumb Code    40  st_string.o(i.st_strcmp)
    st_strlen                                0x08003635   Thumb Code    22  st_string.o(i.st_strlen)
    usart1_putc                              0x0800364d   Thumb Code    30  usart_device.o(i.usart1_putc)
    usart1_putstr                            0x08003671   Thumb Code    28  usart_device.o(i.usart1_putstr)
    Region$$Table$$Base                      0x0800368c   Number         0  anon$$obj.o(Region$$Table)
    Region$$Table$$Limit                     0x080036ac   Number         0  anon$$obj.o(Region$$Table)
    iokey_table                              0x20000010   Data          12  key_driver.o(.data)
    Key_mode                                 0x2000001c   Data           1  key_driver.o(.data)
    key_counter                              0x2000001d   Data           1  key_driver.o(.data)
    last_key                                 0x2000001e   Data           1  key_driver.o(.data)
    msg_key                                  0x2000001f   Data           1  key_driver.o(.data)
    Usart1_RecvStat                          0x20000024   Data          12  usart_device.o(.data)
    After_filter                             0x20000030   Data           4  adc_device.o(.data)
    MaxR_Val                                 0x20000034   Data           4  tgs2600_driver.o(.data)
    PolluteClass                             0x20000038   Data           1  tgs2600_driver.o(.data)
    back__PolluteClass                       0x20000039   Data           1  tgs2600_driver.o(.data)
    iBox_work_mode                           0x2000003c   Data           1  data_structure.o(.data)
    queue_node_Fifo                          0x20000040   Data           4  data_structure.o(.data)
    Queue_Info_buf                           0x20000044   Data           5  seqlist.o(.data)
    Air_Quality                              0x20000049   Data           1  run_task.o(.data)
    ch                                       0x2000004c   Data           1  stm32f0xx_it.o(.data)
    time_out_flag                            0x20000050   Data           4  stm32f0xx_it.o(.data)
    time_out_flag_HalfSec                    0x20000054   Data           4  stm32f0xx_it.o(.data)
    time_out_flag_250MS                      0x20000058   Data           4  stm32f0xx_it.o(.data)
    time_out_flag_30MS                       0x2000005c   Data           4  stm32f0xx_it.o(.data)
    __stdout                                 0x20000060   Data           4  stdout.o(.data)
    Usart1_buff                              0x20000064   Data         512  usart_device.o(.bss)
    ADC_ConvertedValue                       0x20000264   Data         200  adc_device.o(.bss)
    Rs_buffer                                0x2000032c   Data          32  tgs2600_driver.o(.bss)
    Queue_Info                               0x2000034c   Data          12  seqlist.o(.bss)
    __initial_sp                             0x20000758   Data           0  startup_stm32f030.o(STACK)



==============================================================================

Memory Map of the image

  Image Entry point : 0x080000b5

  Load Region LR_IROM1 (Base: 0x08000000, Size: 0x00003710, Max: 0x00008000, ABSOLUTE)

    Execution Region ER_IROM1 (Base: 0x08000000, Size: 0x000036ac, Max: 0x00008000, ABSOLUTE)

    Base Addr    Size         Type   Attr      Idx    E Section Name        Object

    0x08000000   0x000000b4   Data   RO            3    RESET               startup_stm32f030.o
    0x080000b4   0x00000000   Code   RO         5092  * .ARM.Collect$$$$00000000  mc_p.l(entry.o)
    0x080000b4   0x00000004   Code   RO         5386    .ARM.Collect$$$$00000001  mc_p.l(entry2.o)
    0x080000b8   0x00000004   Code   RO         5389    .ARM.Collect$$$$00000004  mc_p.l(entry5.o)
    0x080000bc   0x00000000   Code   RO         5391    .ARM.Collect$$$$00000008  mc_p.l(entry7b.o)
    0x080000bc   0x00000000   Code   RO         5393    .ARM.Collect$$$$0000000A  mc_p.l(entry8b.o)
    0x080000bc   0x00000008   Code   RO         5394    .ARM.Collect$$$$0000000B  mc_p.l(entry9a.o)
    0x080000c4   0x00000000   Code   RO         5396    .ARM.Collect$$$$0000000D  mc_p.l(entry10a.o)
    0x080000c4   0x00000000   Code   RO         5398    .ARM.Collect$$$$0000000F  mc_p.l(entry11a.o)
    0x080000c4   0x00000004   Code   RO         5387    .ARM.Collect$$$$00002712  mc_p.l(entry2.o)
    0x080000c8   0x00000058   Code   RO            4    .text               startup_stm32f030.o
    0x08000120   0x0000002c   Code   RO         5095    .text               mc_p.l(uidiv.o)
    0x0800014c   0x00000028   Code   RO         5097    .text               mc_p.l(idiv.o)
    0x08000174   0x00000024   Code   RO         5099    .text               mc_p.l(memseta.o)
    0x08000198   0x000000b2   Code   RO         5362    .text               mf_p.l(fadd.o)
    0x0800024a   0x0000007a   Code   RO         5364    .text               mf_p.l(fmul.o)
    0x080002c4   0x0000007c   Code   RO         5366    .text               mf_p.l(fdiv.o)
    0x08000340   0x00000164   Code   RO         5368    .text               mf_p.l(dadd.o)
    0x080004a4   0x000000d0   Code   RO         5370    .text               mf_p.l(dmul.o)
    0x08000574   0x0000000e   Code   RO         5372    .text               mf_p.l(ffltui.o)
    0x08000582   0x00000028   Code   RO         5374    .text               mf_p.l(ffixui.o)
    0x080005aa   0x00000028   Code   RO         5376    .text               mf_p.l(f2d.o)
    0x080005d2   0x00000002   PAD
    0x080005d4   0x00000028   Code   RO         5378    .text               mf_p.l(cdcmple.o)
    0x080005fc   0x00000028   Code   RO         5380    .text               mf_p.l(cdrcmple.o)
    0x08000624   0x00000038   Code   RO         5382    .text               mf_p.l(d2f.o)
    0x0800065c   0x00000014   Code   RO         5384    .text               mf_p.l(cfrcmple.o)
    0x08000670   0x00000020   Code   RO         5403    .text               mc_p.l(llshl.o)
    0x08000690   0x00000026   Code   RO         5405    .text               mc_p.l(llsshr.o)
    0x080006b6   0x00000000   Code   RO         5407    .text               mc_p.l(iusefp.o)
    0x080006b6   0x00000082   Code   RO         5408    .text               mf_p.l(fepilogue.o)
    0x08000738   0x000000be   Code   RO         5410    .text               mf_p.l(depilogue.o)
    0x080007f6   0x00000002   PAD
    0x080007f8   0x00000024   Code   RO         5418    .text               mc_p.l(init.o)
    0x0800081c   0x00000022   Code   RO         5420    .text               mc_p.l(llushr.o)
    0x0800083e   0x00000018   Code   RO           17    i.ADC_ChannelConfig  stm32f0xx_adc.o
    0x08000856   0x00000018   Code   RO           21    i.ADC_Cmd           stm32f0xx_adc.o
    0x0800086e   0x00000018   Code   RO           23    i.ADC_DMACmd        stm32f0xx_adc.o
    0x08000886   0x00000010   Code   RO           24    i.ADC_DMARequestModeConfig  stm32f0xx_adc.o
    0x08000896   0x0000003c   Code   RO           27    i.ADC_GetCalibrationFactor  stm32f0xx_adc.o
    0x080008d2   0x00000030   Code   RO           29    i.ADC_GetFlagStatus  stm32f0xx_adc.o
    0x08000902   0x00000002   PAD
    0x08000904   0x0000002c   Code   RO           32    i.ADC_Init          stm32f0xx_adc.o
    0x08000930   0x0000000c   Code   RO         4084    i.ADC_InitConfig    adc_device.o
    0x0800093c   0x00000098   Code   RO         4085    i.ADC_Mode_InitConfig  adc_device.o
    0x080009d4   0x0000000a   Code   RO           35    i.ADC_StartOfConversion  stm32f0xx_adc.o
    0x080009de   0x00000020   Code   RO         5046    i.AIRclean_Power_ctl  power_ctl.o
    0x080009fe   0x00000002   PAD
    0x08000a00   0x00000038   Code   RO         4904    i.AnionMask_Power_Init  main.o
    0x08000a38   0x0000001c   Code   RO         4905    i.AnionMask_Power_off  main.o
    0x08000a54   0x00000010   Code   RO         4906    i.AnionMask_Power_on  main.o
    0x08000a64   0x0000002a   Code   RO         4907    i.AnionMask_usb_det_Init  main.o
    0x08000a8e   0x00000010   Code   RO         4908    i.AnionMask_usb_det_status  main.o
    0x08000a9e   0x00000036   Code   RO         5047    i.Anion_Power_Init  power_ctl.o
    0x08000ad4   0x00000020   Code   RO         5048    i.Anion_Power_ctl   power_ctl.o
    0x08000af4   0x0000003c   Code   RO         4553    i.BLE_UserNum_Val   stm32_chipid.o
    0x08000b30   0x0000000e   Code   RO         4148    i.Bluetooth_RF_BM_S02_Connect_Mode  bluetooth.o
    0x08000b3e   0x00000002   PAD
    0x08000b40   0x00000054   Code   RO         4149    i.Bluetooth_RF_BM_S02_MSGto_H5  bluetooth.o
    0x08000b94   0x000000b0   Code   RO         4150    i.Bluetooth_RF_BM_S02_Port_GPIO_Init  bluetooth.o
    0x08000c44   0x0000002c   Code   RO         4157    i.Bluetooth_Sendmsg  bluetooth.o
    0x08000c70   0x0000002c   Code   RO         3857    i.Clear_USART_Buff  usart_device.o
    0x08000c9c   0x00000010   Code   RO         4618    i.Clear_msg_Fifo    data_structure.o
    0x08000cac   0x00000020   Code   RO         1022    i.DMA_ClearFlag     stm32f0xx_dma.o
    0x08000ccc   0x0000001c   Code   RO         1024    i.DMA_Cmd           stm32f0xx_dma.o
    0x08000ce8   0x00000164   Code   RO         1025    i.DMA_DeInit        stm32f0xx_dma.o
    0x08000e4c   0x00000034   Code   RO         1027    i.DMA_GetFlagStatus  stm32f0xx_dma.o
    0x08000e80   0x00000040   Code   RO         1030    i.DMA_Init          stm32f0xx_dma.o
    0x08000ec0   0x00000060   Code   RO         4086    i.DMA_InitConfig    adc_device.o
    0x08000f20   0x0000003c   Code   RO         4963    i.EXTI0_1_IRQHandler  stm32f0xx_it.o
    0x08000f5c   0x0000003c   Code   RO         4964    i.EXTI4_15_IRQHandler  stm32f0xx_it.o
    0x08000f98   0x0000000c   Code   RO         1109    i.EXTI_ClearITPendingBit  stm32f0xx_exti.o
    0x08000fa4   0x0000001c   Code   RO         1113    i.EXTI_GetITStatus  stm32f0xx_exti.o
    0x08000fc0   0x00000088   Code   RO         1114    i.EXTI_Init         stm32f0xx_exti.o
    0x08001048   0x0000003e   Code   RO         4511    i.Exti0_InitConfig  lowpower.o
    0x08001086   0x00000002   PAD
    0x08001088   0x00000024   Code   RO         1195    i.FLASH_PrefetchBufferCmd  stm32f0xx_flash.o
    0x080010ac   0x0000001c   Code   RO         1198    i.FLASH_SetLatency  stm32f0xx_flash.o
    0x080010c8   0x00000090   Code   RO         1371    i.GPIO_Init         stm32f0xx_gpio.o
    0x08001158   0x00000044   Code   RO         1372    i.GPIO_PinAFConfig  stm32f0xx_gpio.o
    0x0800119c   0x00000014   Code   RO         1375    i.GPIO_ReadInputDataBit  stm32f0xx_gpio.o
    0x080011b0   0x00000004   Code   RO         1378    i.GPIO_ResetBits    stm32f0xx_gpio.o
    0x080011b4   0x00000004   Code   RO         1379    i.GPIO_SetBits      stm32f0xx_gpio.o
    0x080011b8   0x00000040   Code   RO         4087    i.Get_Adc           adc_device.o
    0x080011f8   0x00000028   Code   RO         4088    i.Get_BattryVoltage  adc_device.o
    0x08001220   0x00000034   Code   RO         4554    i.Get_ChipID        stm32_chipid.o
    0x08001254   0x0000000e   Code   RO         3769    i.Get_KeyStatus     key_driver.o
    0x08001262   0x00000002   PAD
    0x08001264   0x00000048   Code   RO         4448    i.Get_RS_Val        tgs2600_driver.o
    0x080012ac   0x00000010   Code   RO         4449    i.Get_VRL_Val       tgs2600_driver.o
    0x080012bc   0x00000038   Code   RO         4089    i.Get_Voltage       adc_device.o
    0x080012f4   0x00000004   Code   RO         4965    i.HardFault_Handler  stm32f0xx_it.o
    0x080012f8   0x0000001c   Code   RO         4328    i.I2C_CheckDevice   i2c_driver.o
    0x08001314   0x00000040   Code   RO         4329    i.I2C_GPIOInitConfig  i2c_driver.o
    0x08001354   0x00000054   Code   RO         4330    i.I2C_RecvACK       i2c_driver.o
    0x080013a8   0x00000054   Code   RO         4331    i.I2C_RecvByte      i2c_driver.o
    0x080013fc   0x00000050   Code   RO         4332    i.I2C_SendACK       i2c_driver.o
    0x0800144c   0x00000064   Code   RO         4333    i.I2C_SendByte      i2c_driver.o
    0x080014b0   0x00000038   Code   RO         4334    i.I2C_Start         i2c_driver.o
    0x080014e8   0x00000030   Code   RO         4335    i.I2C_Stop          i2c_driver.o
    0x08001518   0x00000044   Code   RO         4513    i.In_Stop_Mode      lowpower.o
    0x0800155c   0x000000f0   Code   RO         3770    i.Keydriver_Scan    key_driver.o
    0x0800164c   0x00000036   Code   RO         3731    i.Led_GpioConfig    led_device.o
    0x08001682   0x00000002   PAD
    0x08001684   0x00000068   Code   RO         4514    i.LowPower_Setup_GPIO  lowpower.o
    0x080016ec   0x00000002   Code   RO         4966    i.NMI_Handler       stm32f0xx_it.o
    0x080016ee   0x00000002   PAD
    0x080016f0   0x00000070   Code   RO         1784    i.NVIC_Init         stm32f0xx_misc.o
    0x08001760   0x00000020   Code   RO         1785    i.NVIC_SystemLPConfig  stm32f0xx_misc.o
    0x08001780   0x00000034   Code   RO         4793    i.NVIC_SystemReset  run_task.o
    0x080017b4   0x00000064   Code   RO         1820    i.PWR_EnterSTOPMode  stm32f0xx_pwr.o
    0x08001818   0x0000018c   Code   RO         4582    i.Pack_IntegerData  data_pack.o
    0x080019a4   0x00000002   Code   RO         4967    i.PendSV_Handler    stm32f0xx_it.o
    0x080019a6   0x00000002   PAD
    0x080019a8   0x000001dc   Code   RO         4450    i.PolluteClass_Judge  tgs2600_driver.o
    0x08001b84   0x00000054   Code   RO         4451    i.PolluteDatum_K_Val  tgs2600_driver.o
    0x08001bd8   0x00000020   Code   RO         1891    i.RCC_AHBPeriphClockCmd  stm32f0xx_rcc.o
    0x08001bf8   0x00000020   Code   RO         1893    i.RCC_APB1PeriphClockCmd  stm32f0xx_rcc.o
    0x08001c18   0x00000020   Code   RO         1895    i.RCC_APB2PeriphClockCmd  stm32f0xx_rcc.o
    0x08001c38   0x00000058   Code   RO         4909    i.RCC_Configuration  main.o
    0x08001c90   0x00000078   Code   RO         1904    i.RCC_DeInit        stm32f0xx_rcc.o
    0x08001d08   0x00000248   Code   RO         1905    i.RCC_GetClocksFreq  stm32f0xx_rcc.o
    0x08001f50   0x00000048   Code   RO         1906    i.RCC_GetFlagStatus  stm32f0xx_rcc.o
    0x08001f98   0x00000010   Code   RO         1908    i.RCC_GetSYSCLKSource  stm32f0xx_rcc.o
    0x08001fa8   0x00000020   Code   RO         1909    i.RCC_HCLKConfig    stm32f0xx_rcc.o
    0x08001fc8   0x00000010   Code   RO         1910    i.RCC_HSEConfig     stm32f0xx_rcc.o
    0x08001fd8   0x00000024   Code   RO         1921    i.RCC_PCLKConfig    stm32f0xx_rcc.o
    0x08001ffc   0x00000028   Code   RO         1922    i.RCC_PLLCmd        stm32f0xx_rcc.o
    0x08002024   0x00000024   Code   RO         1923    i.RCC_PLLConfig     stm32f0xx_rcc.o
    0x08002048   0x0000001c   Code   RO         1927    i.RCC_SYSCLKConfig  stm32f0xx_rcc.o
    0x08002064   0x00000048   Code   RO         1928    i.RCC_USARTCLKConfig  stm32f0xx_rcc.o
    0x080020ac   0x0000003c   Code   RO         1930    i.RCC_WaitForHSEStartUp  stm32f0xx_rcc.o
    0x080020e8   0x00000030   Code   RO         4452    i.Rs_filter         tgs2600_driver.o
    0x08002118   0x00000068   Code   RO         4794    i.Run_Start         run_task.o
    0x08002180   0x00000304   Code   RO         4795    i.Run_Task          run_task.o
    0x08002484   0x00000020   Code   RO         4338    i.SDA_IN            i2c_driver.o
    0x080024a4   0x00000030   Code   RO         4339    i.SDA_OUT           i2c_driver.o
    0x080024d4   0x00000044   Code   RO         4234    i.SHT2x_CalcRH      sht2x.o
    0x08002518   0x0000004c   Code   RO         4235    i.SHT2x_CalcTemperatureC  sht2x.o
    0x08002564   0x0000004c   Code   RO         4236    i.SHT2x_CheckCrc    sht2x.o
    0x080025b0   0x000000cc   Code   RO         4237    i.SHT2x_MeasurePoll  sht2x.o
    0x0800267c   0x0000002e   Code   RO         4239    i.SHT2x_SoftReset   sht2x.o
    0x080026aa   0x00000002   Code   RO         4968    i.SPI2_IRQHandler   stm32f0xx_it.o
    0x080026ac   0x00000002   Code   RO         4969    i.SVC_Handler       stm32f0xx_it.o
    0x080026ae   0x00000002   PAD
    0x080026b0   0x00000040   Code   RO         2686    i.SYSCFG_EXTILineConfig  stm32f0xx_syscfg.o
    0x080026f0   0x00000018   Code   RO         4453    i.Save_Rs_Val       tgs2600_driver.o
    0x08002708   0x00000030   Code   RO         4676    i.SeqList_Clear     seqlist.o
    0x08002738   0x00000020   Code   RO         4677    i.SeqList_Create    seqlist.o
    0x08002758   0x00000058   Code   RO         4678    i.SeqList_Delete    seqlist.o
    0x080027b0   0x0000001c   Code   RO         4680    i.SeqList_Get       seqlist.o
    0x080027cc   0x00000060   Code   RO         4681    i.SeqList_Insert    seqlist.o
    0x0800282c   0x00000010   Code   RO         4682    i.SeqList_Length    seqlist.o
    0x0800283c   0x0000001a   Code   RO         4736    i.SeqQueue_Append   seqqueue.o
    0x08002856   0x0000000c   Code   RO         4738    i.SeqQueue_Clear    seqqueue.o
    0x08002862   0x00000008   Code   RO         4739    i.SeqQueue_Create   seqqueue.o
    0x0800286a   0x0000000e   Code   RO         4741    i.SeqQueue_Header   seqqueue.o
    0x08002878   0x00000010   Code   RO         4619    i.SeqQueue_Init     data_structure.o
    0x08002888   0x0000000c   Code   RO         4742    i.SeqQueue_Length   seqqueue.o
    0x08002894   0x0000000e   Code   RO         4743    i.SeqQueue_Retrieve  seqqueue.o
    0x080028a2   0x00000002   PAD
    0x080028a4   0x000000d8   Code   RO         3694    i.SetSysClock       system_stm32f0xx.o
    0x0800297c   0x00000024   Code   RO         4454    i.Set_MaxR_Val      tgs2600_driver.o
    0x080029a0   0x00000002   Code   RO         4970    i.SysTick_Handler   stm32f0xx_it.o
    0x080029a2   0x00000002   PAD
    0x080029a4   0x00000034   Code   RO         3823    i.SysTick_Init      systick.o
    0x080029d8   0x0000007c   Code   RO         3696    i.SystemInit        system_stm32f0xx.o
    0x08002a54   0x0000003a   Code   RO         5049    i.TGS2600_Power_Init  power_ctl.o
    0x08002a8e   0x00000024   Code   RO         5050    i.TGS2600_Power_ctl  power_ctl.o
    0x08002ab2   0x00000002   PAD
    0x08002ab4   0x000000c0   Code   RO         4971    i.TIM3_IRQHandler   stm32f0xx_it.o
    0x08002b74   0x00000050   Code   RO         4415    i.TIM3_Initconfig   tim_driver.o
    0x08002bc4   0x00000006   Code   RO         2766    i.TIM_ClearFlag     stm32f0xx_tim.o
    0x08002bca   0x00000006   Code   RO         2767    i.TIM_ClearITPendingBit  stm32f0xx_tim.o
    0x08002bd0   0x0000001c   Code   RO         2772    i.TIM_Cmd           stm32f0xx_tim.o
    0x08002bec   0x00000026   Code   RO         2793    i.TIM_GetITStatus   stm32f0xx_tim.o
    0x08002c12   0x00000014   Code   RO         2797    i.TIM_ITConfig      stm32f0xx_tim.o
    0x08002c26   0x0000000c   Code   RO         4416    i.TIM_Init          tim_driver.o
    0x08002c32   0x00000016   Code   RO         4417    i.TIM_NVIC_Initconfig  tim_driver.o
    0x08002c48   0x0000007c   Code   RO         2845    i.TIM_TimeBaseInit  stm32f0xx_tim.o
    0x08002cc4   0x00000074   Code   RO         4972    i.USART1_IRQHandler  stm32f0xx_it.o
    0x08002d38   0x00000004   Code   RO         3327    i.USART_ClearFlag   stm32f0xx_usart.o
    0x08002d3c   0x00000012   Code   RO         3328    i.USART_ClearITPendingBit  stm32f0xx_usart.o
    0x08002d4e   0x00000018   Code   RO         3331    i.USART_Cmd         stm32f0xx_usart.o
    0x08002d66   0x00000014   Code   RO         3339    i.USART_GetFlagStatus  stm32f0xx_usart.o
    0x08002d7a   0x0000004e   Code   RO         3340    i.USART_GetITStatus  stm32f0xx_usart.o
    0x08002dc8   0x00000042   Code   RO         3342    i.USART_ITConfig    stm32f0xx_usart.o
    0x08002e0a   0x00000002   PAD
    0x08002e0c   0x000000f8   Code   RO         3343    i.USART_Init        stm32f0xx_usart.o
    0x08002f04   0x0000000a   Code   RO         3355    i.USART_ReceiveData  stm32f0xx_usart.o
    0x08002f0e   0x00000008   Code   RO         3360    i.USART_SendData    stm32f0xx_usart.o
    0x08002f16   0x00000002   PAD
    0x08002f18   0x000000a8   Code   RO         3858    i.Usart1_InitConfig  usart_device.o
    0x08002fc0   0x0000000c   Code   RO         3860    i.Usart_InitConfig  usart_device.o
    0x08002fcc   0x00000014   Code   RO         3861    i.Usart_NVIC_InitConfig  usart_device.o
    0x08002fe0   0x00000020   Code   RO         5190    i.__0printf$3       mc_p.l(printf3.o)
    0x08003000   0x0000002e   Code   RO         5412    i.__ARM_clz         mf_p.l(depilogue.o)
    0x0800302e   0x0000001c   Code   RO         4827    i.__ARM_common_switch8  run_task.o
    0x0800304a   0x0000000e   Code   RO         5424    i.__scatterload_copy  mc_p.l(handlers.o)
    0x08003058   0x00000002   Code   RO         5425    i.__scatterload_null  mc_p.l(handlers.o)
    0x0800305a   0x0000000e   Code   RO         5426    i.__scatterload_zeroinit  mc_p.l(handlers.o)
    0x08003068   0x000001cc   Code   RO         5197    i._printf_core      mc_p.l(printf3.o)
    0x08003234   0x00000040   Code   RO         3824    i.delay_ms          systick.o
    0x08003274   0x00000040   Code   RO         3825    i.delay_us          systick.o
    0x080032b4   0x00000038   Code   RO         4090    i.filter            adc_device.o
    0x080032ec   0x00000024   Code   RO         3863    i.fputc             usart_device.o
    0x08003310   0x00000030   Code   RO         4622    i.get_msg_Fifo      data_structure.o
    0x08003340   0x00000016   Code   RO         3771    i.io_key            key_driver.o
    0x08003356   0x00000028   Code   RO         3772    i.key_GpioConfig    key_driver.o
    0x0800337e   0x00000002   PAD
    0x08003380   0x00000254   Code   RO         4910    i.main              main.o
    0x080035d4   0x0000000c   Code   RO         5051    i.power_ctl_InitConfig  power_ctl.o
    0x080035e0   0x00000014   Code   RO         4623    i.put_msg_Fifo      data_structure.o
    0x080035f4   0x00000018   Code   RO         4844    i.st_memset         st_string.o
    0x0800360c   0x00000028   Code   RO         4846    i.st_strcmp         st_string.o
    0x08003634   0x00000016   Code   RO         4848    i.st_strlen         st_string.o
    0x0800364a   0x00000002   PAD
    0x0800364c   0x00000024   Code   RO         3867    i.usart1_putc       usart_device.o
    0x08003670   0x0000001c   Code   RO         3868    i.usart1_putstr     usart_device.o
    0x0800368c   0x00000020   Data   RO         5422    Region$$Table       anon$$obj.o


    Execution Region RW_IRAM1 (Base: 0x20000000, Size: 0x00000758, Max: 0x00001000, ABSOLUTE)

    Base Addr    Size         Type   Attr      Idx    E Section Name        Object

    0x20000000   0x00000010   Data   RW         1931    .data               stm32f0xx_rcc.o
    0x20000010   0x00000010   Data   RW         3773    .data               key_driver.o
    0x20000020   0x00000004   Data   RW         3826    .data               systick.o
    0x20000024   0x0000000c   Data   RW         3870    .data               usart_device.o
    0x20000030   0x00000004   Data   RW         4092    .data               adc_device.o
    0x20000034   0x00000006   Data   RW         4456    .data               tgs2600_driver.o
    0x2000003a   0x00000002   PAD
    0x2000003c   0x00000008   Data   RW         4624    .data               data_structure.o
    0x20000044   0x00000005   Data   RW         4684    .data               seqlist.o
    0x20000049   0x00000001   Data   RW         4796    .data               run_task.o
    0x2000004a   0x00000002   PAD
    0x2000004c   0x00000014   Data   RW         4973    .data               stm32f0xx_it.o
    0x20000060   0x00000004   Data   RW         5400    .data               mc_p.l(stdout.o)
    0x20000064   0x00000200   Zero   RW         3869    .bss                usart_device.o
    0x20000264   0x000000c8   Zero   RW         4091    .bss                adc_device.o
    0x2000032c   0x00000020   Zero   RW         4455    .bss                tgs2600_driver.o
    0x2000034c   0x0000000c   Zero   RW         4683    .bss                seqlist.o
    0x20000358   0x00000400   Zero   RW            1    STACK               startup_stm32f030.o


==============================================================================

Image component sizes


      Code (inc. data)   RO Data    RW Data    ZI Data      Debug   Object Name

       476         44          0          4        200       4903   adc_device.o
       318         26          0          0          0       2827   bluetooth.o
       396          8          0          0          0       1529   data_pack.o
       100         20          0          8          0       2848   data_structure.o
       624         50          0          0          0       6400   i2c_driver.o
       316         20          0         16          0       3475   key_driver.o
        54          0          0          0          0        545   led_device.o
       234         14          0          0          0       1575   lowpower.o
       842        246          0          0          0       9825   main.o
       224          0          0          0          0       3182   power_ctl.o
       956        240          0          1          0       3093   run_task.o
       308         10          0          5         12       5346   seqlist.o
        86          0          0          0          0       3981   seqqueue.o
       470         24          0          0          0       4911   sht2x.o
        86          0          0          0          0       1860   st_string.o
        88         38        180          0       1024        716   startup_stm32f030.o
       112          6          0          0          0       1651   stm32_chipid.o
       250          4          0          0          0     254044   stm32f0xx_adc.o
       532         44          0          0          0       4662   stm32f0xx_dma.o
       176         16          0          0          0       2164   stm32f0xx_exti.o
        64          8          0          0          0       1137   stm32f0xx_flash.o
       240          0          0          0          0       3591   stm32f0xx_gpio.o
       442        110          0         20          0       5214   stm32f0xx_it.o
       144         10          0          0          0       1546   stm32f0xx_misc.o
       100         10          0          0          0        696   stm32f0xx_pwr.o
      1208        102          0         16          0      10052   stm32f0xx_rcc.o
        64          4          0          0          0        652   stm32f0xx_syscfg.o
       222         38          0          0          0       4218   stm32f0xx_tim.o
       476         22          0          0          0       6765   stm32f0xx_usart.o
       340         24          0          0          0       1525   system_stm32f0xx.o
       180         34          0          4          0       1817   systick.o
       756         94          0          6         32       4919   tgs2600_driver.o
       114          8          0          0          0       1463   tim_driver.o
       344         30          0         12        512       6810   usart_device.o

    ----------------------------------------------------------------------
     11374       1304        212         96       1780     369942   Object Totals
         0          0         32          0          0          0   (incl. Generated)
        32          0          0          4          0          0   (incl. Padding)

    ----------------------------------------------------------------------

      Code (inc. data)   RO Data    RW Data    ZI Data      Debug   Library Member Name

         0          0          0          0          0          0   entry.o
         0          0          0          0          0          0   entry10a.o
         0          0          0          0          0          0   entry11a.o
         8          4          0          0          0          0   entry2.o
         4          0          0          0          0          0   entry5.o
         0          0          0          0          0          0   entry7b.o
         0          0          0          0          0          0   entry8b.o
         8          4          0          0          0          0   entry9a.o
        30          0          0          0          0          0   handlers.o
        40          0          0          0          0         72   idiv.o
        36          8          0          0          0         68   init.o
         0          0          0          0          0          0   iusefp.o
        32          0          0          0          0         68   llshl.o
        38          0          0          0          0         68   llsshr.o
        34          0          0          0          0         68   llushr.o
        36          0          0          0          0        100   memseta.o
       492         12          0          0          0        168   printf3.o
         0          0          0          4          0          0   stdout.o
        44          0          0          0          0         72   uidiv.o
        40          2          0          0          0         68   cdcmple.o
        40          2          0          0          0         68   cdrcmple.o
        20          0          0          0          0         68   cfrcmple.o
        56          0          0          0          0         68   d2f.o
       356          4          0          0          0        140   dadd.o
       236          0          0          0          0        216   depilogue.o
       208          6          0          0          0         88   dmul.o
        40          0          0          0          0         60   f2d.o
       178          0          0          0          0        108   fadd.o
       124          0          0          0          0         72   fdiv.o
       130          0          0          0          0        144   fepilogue.o
        40          0          0          0          0         60   ffixui.o
        14          0          0          0          0         68   ffltui.o
       122          0          0          0          0         72   fmul.o

    ----------------------------------------------------------------------
      2410         42          0          4          0       1984   Library Totals
         4          0          0          0          0          0   (incl. Padding)

    ----------------------------------------------------------------------

      Code (inc. data)   RO Data    RW Data    ZI Data      Debug   Library Name

       802         28          0          4          0        684   mc_p.l
      1604         14          0          0          0       1300   mf_p.l

    ----------------------------------------------------------------------
      2410         42          0          4          0       1984   Library Totals

    ----------------------------------------------------------------------

==============================================================================


      Code (inc. data)   RO Data    RW Data    ZI Data      Debug   

     13784       1346        212        100       1780     364134   Grand Totals
     13784       1346        212        100       1780     364134   ELF Image Totals
     13784       1346        212        100          0          0   ROM Totals

==============================================================================

    Total RO  Size (Code + RO Data)                13996 (  13.67kB)
    Total RW  Size (RW Data + ZI Data)              1880 (   1.84kB)
    Total ROM Size (Code + RO Data + RW Data)      14096 (  13.77kB)

==============================================================================

